Archive member included to satisfy reference by file (symbol)

C:/ST/STM32CubeIDE_2.1.0/STM32CubeIDE/plugins/com.st.stm32cube.ide.mcu.externaltools.gnu-tools-for-stm32.14.3.rel1.win32_1.0.100.202602081740/tools/bin/../lib/gcc/arm-none-eabi/14.3.1/../../../../arm-none-eabi/lib/thumb/v7e-m+fp/hard\libc_nano.a(libc_a-exit.o)
                              C:/ST/STM32CubeIDE_2.1.0/STM32CubeIDE/plugins/com.st.stm32cube.ide.mcu.externaltools.gnu-tools-for-stm32.14.3.rel1.win32_1.0.100.202602081740/tools/bin/../lib/gcc/arm-none-eabi/14.3.1/../../../../arm-none-eabi/lib/thumb/v7e-m+fp/hard/crt0.o (exit)
C:/ST/STM32CubeIDE_2.1.0/STM32CubeIDE/plugins/com.st.stm32cube.ide.mcu.externaltools.gnu-tools-for-stm32.14.3.rel1.win32_1.0.100.202602081740/tools/bin/../lib/gcc/arm-none-eabi/14.3.1/../../../../arm-none-eabi/lib/thumb/v7e-m+fp/hard\libc_nano.a(libc_a-malloc.o)
                              ./Middlewares/ST/STM32_USB_Host_Library/Class/CDC/Src/usbh_cdc.o (malloc)
C:/ST/STM32CubeIDE_2.1.0/STM32CubeIDE/plugins/com.st.stm32cube.ide.mcu.externaltools.gnu-tools-for-stm32.14.3.rel1.win32_1.0.100.202602081740/tools/bin/../lib/gcc/arm-none-eabi/14.3.1/../../../../arm-none-eabi/lib/thumb/v7e-m+fp/hard\libc_nano.a(libc_a-mallocr.o)
                              C:/ST/STM32CubeIDE_2.1.0/STM32CubeIDE/plugins/com.st.stm32cube.ide.mcu.externaltools.gnu-tools-for-stm32.14.3.rel1.win32_1.0.100.202602081740/tools/bin/../lib/gcc/arm-none-eabi/14.3.1/../../../../arm-none-eabi/lib/thumb/v7e-m+fp/hard\libc_nano.a(libc_a-malloc.o) (_malloc_r)
C:/ST/STM32CubeIDE_2.1.0/STM32CubeIDE/plugins/com.st.stm32cube.ide.mcu.externaltools.gnu-tools-for-stm32.14.3.rel1.win32_1.0.100.202602081740/tools/bin/../lib/gcc/arm-none-eabi/14.3.1/../../../../arm-none-eabi/lib/thumb/v7e-m+fp/hard\libc_nano.a(libc_a-mlock.o)
                              C:/ST/STM32CubeIDE_2.1.0/STM32CubeIDE/plugins/com.st.stm32cube.ide.mcu.externaltools.gnu-tools-for-stm32.14.3.rel1.win32_1.0.100.202602081740/tools/bin/../lib/gcc/arm-none-eabi/14.3.1/../../../../arm-none-eabi/lib/thumb/v7e-m+fp/hard\libc_nano.a(libc_a-mallocr.o) (__malloc_lock)
C:/ST/STM32CubeIDE_2.1.0/STM32CubeIDE/plugins/com.st.stm32cube.ide.mcu.externaltools.gnu-tools-for-stm32.14.3.rel1.win32_1.0.100.202602081740/tools/bin/../lib/gcc/arm-none-eabi/14.3.1/../../../../arm-none-eabi/lib/thumb/v7e-m+fp/hard\libc_nano.a(libc_a-findfp.o)
                              ./Middlewares/Third_Party/FreeRTOS/Source/tasks.o (__sf)
C:/ST/STM32CubeIDE_2.1.0/STM32CubeIDE/plugins/com.st.stm32cube.ide.mcu.externaltools.gnu-tools-for-stm32.14.3.rel1.win32_1.0.100.202602081740/tools/bin/../lib/gcc/arm-none-eabi/14.3.1/../../../../arm-none-eabi/lib/thumb/v7e-m+fp/hard\libc_nano.a(libc_a-fwalk.o)
                              C:/ST/STM32CubeIDE_2.1.0/STM32CubeIDE/plugins/com.st.stm32cube.ide.mcu.externaltools.gnu-tools-for-stm32.14.3.rel1.win32_1.0.100.202602081740/tools/bin/../lib/gcc/arm-none-eabi/14.3.1/../../../../arm-none-eabi/lib/thumb/v7e-m+fp/hard\libc_nano.a(libc_a-findfp.o) (_fwalk_sglue)
C:/ST/STM32CubeIDE_2.1.0/STM32CubeIDE/plugins/com.st.stm32cube.ide.mcu.externaltools.gnu-tools-for-stm32.14.3.rel1.win32_1.0.100.202602081740/tools/bin/../lib/gcc/arm-none-eabi/14.3.1/../../../../arm-none-eabi/lib/thumb/v7e-m+fp/hard\libc_nano.a(libc_a-snprintf.o)
                              ./Core/Src/main.o (snprintf)
C:/ST/STM32CubeIDE_2.1.0/STM32CubeIDE/plugins/com.st.stm32cube.ide.mcu.externaltools.gnu-tools-for-stm32.14.3.rel1.win32_1.0.100.202602081740/tools/bin/../lib/gcc/arm-none-eabi/14.3.1/../../../../arm-none-eabi/lib/thumb/v7e-m+fp/hard\libc_nano.a(libc_a-stdio.o)
                              C:/ST/STM32CubeIDE_2.1.0/STM32CubeIDE/plugins/com.st.stm32cube.ide.mcu.externaltools.gnu-tools-for-stm32.14.3.rel1.win32_1.0.100.202602081740/tools/bin/../lib/gcc/arm-none-eabi/14.3.1/../../../../arm-none-eabi/lib/thumb/v7e-m+fp/hard\libc_nano.a(libc_a-findfp.o) (__sread)
C:/ST/STM32CubeIDE_2.1.0/STM32CubeIDE/plugins/com.st.stm32cube.ide.mcu.externaltools.gnu-tools-for-stm32.14.3.rel1.win32_1.0.100.202602081740/tools/bin/../lib/gcc/arm-none-eabi/14.3.1/../../../../arm-none-eabi/lib/thumb/v7e-m+fp/hard\libc_nano.a(libc_a-memset.o)
                              C:/ST/STM32CubeIDE_2.1.0/STM32CubeIDE/plugins/com.st.stm32cube.ide.mcu.externaltools.gnu-tools-for-stm32.14.3.rel1.win32_1.0.100.202602081740/tools/bin/../lib/gcc/arm-none-eabi/14.3.1/../../../../arm-none-eabi/lib/thumb/v7e-m+fp/hard/crt0.o (memset)
C:/ST/STM32CubeIDE_2.1.0/STM32CubeIDE/plugins/com.st.stm32cube.ide.mcu.externaltools.gnu-tools-for-stm32.14.3.rel1.win32_1.0.100.202602081740/tools/bin/../lib/gcc/arm-none-eabi/14.3.1/../../../../arm-none-eabi/lib/thumb/v7e-m+fp/hard\libc_nano.a(libc_a-strncpy.o)
                              ./Drivers/drv_at_command/src/at_command.o (strncpy)
[...]
Memory Configuration

Name             Origin             Length             Attributes
CCMRAM           0x10000000         0x00010000         xrw
RAM              0x20000000         0x00020000         xrw
FLASH            0x08000000         0x00100000         xr
*default*        0x00000000         0xffffffff

Linker script and memory map

LOAD C:/ST/STM32CubeIDE_2.1.0/STM32CubeIDE/plugins/com.st.stm32cube.ide.mcu.externaltools.gnu-tools-for-stm32.14.3.rel1.win32_1.0.100.202602081740/tools/bin/../lib/gcc/arm-none-eabi/14.3.1/thumb/v7e-m+fp/hard/crti.o
LOAD C:/ST/STM32CubeIDE_2.1.0/STM32CubeIDE/plugins/com.st.stm32cube.ide.mcu.externaltools.gnu-tools-for-stm32.14.3.rel1.win32_1.0.100.202602081740/tools/bin/../lib/gcc/arm-none-eabi/14.3.1/thumb/v7e-m+fp/hard/crtbegin.o
LOAD C:/ST/STM32CubeIDE_2.1.0/STM32CubeIDE/plugins/com.st.stm32cube.ide.mcu.externaltools.gnu-tools-for-stm32.14.3.rel1.win32_1.0.100.202602081740/tools/bin/../lib/gcc/arm-none-eabi/14.3.1/../../../../arm-none-eabi/lib/thumb/v7e-m+fp/hard/crt0.o
LOAD ./Core/Src/freertos.o
LOAD ./Core/Src/main.o
LOAD ./Core/Src/stm32f4xx_hal_msp.o
LOAD ./Core/Src/stm32f4xx_hal_timebase_tim.o
LOAD ./Core/Src/stm32f4xx_it.o
LOAD ./Core/Src/syscalls.o
LOAD ./Core/Src/sysmem.o
LOAD ./Core/Src/system_stm32f4xx.o
LOAD ./Core/Startup/startup_stm32f407vgtx.o
LOAD ./Drivers/STM32F4xx_HAL_Driver/Src/stm32f4xx_hal.o
LOAD ./Drivers/STM32F4xx_HAL_Driver/Src/stm32f4xx_hal_cortex.o
LOAD ./Drivers/STM32F4xx_HAL_Driver/Src/stm32f4xx_hal_dma.o
LOAD ./Drivers/STM32F4xx_HAL_Driver/Src/stm32f4xx_hal_dma_ex.o
LOAD ./Drivers/STM32F4xx_HAL_Driver/Src/stm32f4xx_hal_exti.o
LOAD ./Drivers/STM32F4xx_HAL_Driver/Src/stm32f4xx_hal_flash.o
LOAD ./Drivers/STM32F4xx_HAL_Driver/Src/stm32f4xx_hal_flash_ex.o
LOAD ./Drivers/STM32F4xx_HAL_Driver/Src/stm32f4xx_hal_flash_ramfunc.o
LOAD ./Drivers/STM32F4xx_HAL_Driver/Src/stm32f4xx_hal_gpio.o
LOAD ./Drivers/STM32F4xx_HAL_Driver/Src/stm32f4xx_hal_hcd.o
LOAD ./Drivers/STM32F4xx_HAL_Driver/Src/stm32f4xx_hal_i2c.o
LOAD ./Drivers/STM32F4xx_HAL_Driver/Src/stm32f4xx_hal_i2c_ex.o
LOAD ./Drivers/STM32F4xx_HAL_Driver/Src/stm32f4xx_hal_i2s.o
LOAD ./Drivers/STM32F4xx_HAL_Driver/Src/stm32f4xx_hal_i2s_ex.o
LOAD ./Drivers/STM32F4xx_HAL_Driver/Src/stm32f4xx_hal_pwr.o
LOAD ./Drivers/STM32F4xx_HAL_Driver/Src/stm32f4xx_hal_pwr_ex.o
LOAD ./Drivers/STM32F4xx_HAL_Driver/Src/stm32f4xx_hal_rcc.o
LOAD ./Drivers/STM32F4xx_HAL_Driver/Src/stm32f4xx_hal_rcc_ex.o
LOAD ./Drivers/STM32F4xx_HAL_Driver/Src/stm32f4xx_hal_spi.o
LOAD ./Drivers/STM32F4xx_HAL_Driver/Src/stm32f4xx_hal_tim.o
LOAD ./Drivers/STM32F4xx_HAL_Driver/Src/stm32f4xx_hal_tim_ex.o
LOAD ./Drivers/STM32F4xx_HAL_Driver/Src/stm32f4xx_hal_uart.o
LOAD ./Drivers/STM32F4xx_HAL_Driver/Src/stm32f4xx_ll_usb.o
LOAD ./Drivers/drv_at_command/src/at_command.o
LOAD ./Middlewares/ST/STM32_USB_Host_Library/Class/CDC/Src/usbh_cdc.o
LOAD ./Middlewares/ST/STM32_USB_Host_Library/Core/Src/usbh_core.o
LOAD ./Middlewares/ST/STM32_USB_Host_Library/Core/Src/usbh_ctlreq.o
LOAD ./Middlewares/ST/STM32_USB_Host_Library/Core/Src/usbh_ioreq.o
LOAD ./Middlewares/ST/STM32_USB_Host_Library/Core/Src/usbh_pipes.o
LOAD ./Middlewares/Third_Party/FreeRTOS/Source/CMSIS_RTOS_V2/cmsis_os2.o
LOAD ./Middlewares/Third_Party/FreeRTOS/Source/croutine.o
LOAD ./Middlewares/Third_Party/FreeRTOS/Source/event_groups.o
LOAD ./Middlewares/Third_Party/FreeRTOS/Source/list.o
LOAD ./Middlewares/Third_Party/FreeRTOS/Source/queue.o
LOAD ./Middlewares/Third_Party/FreeRTOS/Source/stream_buffer.o
LOAD ./Middlewares/Third_Party/FreeRTOS/Source/tasks.o
LOAD ./Middlewares/Third_Party/FreeRTOS/Source/timers.o
LOAD ./Middlewares/Third_Party/FreeRTOS/Source/portable/GCC/ARM_CM4F/port.o
LOAD ./Middlewares/Third_Party/FreeRTOS/Source/portable/MemMang/heap_4.o
LOAD ./USB_HOST/App/usb_host.o
LOAD ./USB_HOST/Target/usbh_conf.o
LOAD ./USB_HOST/Target/usbh_platform.o
START GROUP
LOAD C:/ST/STM32CubeIDE_2.1.0/STM32CubeIDE/plugins/com.st.stm32cube.ide.mcu.externaltools.gnu-tools-for-stm32.14.3.rel1.win32_1.0.100.202602081740/tools/bin/../lib/gcc/arm-none-eabi/14.3.1/../../../../arm-none-eabi/lib/thumb/v7e-m+fp/hard\libc_nano.a
LOAD C:/ST/STM32CubeIDE_2.1.0/STM32CubeIDE/plugins/com.st.stm32cube.ide.mcu.externaltools.gnu-tools-for-stm32.14.3.rel1.win32_1.0.100.202602081740/tools/bin/../lib/gcc/arm-none-eabi/14.3.1/../../../../arm-none-eabi/lib/thumb/v7e-m+fp/hard\libm.a
END GROUP
START GROUP
LOAD C:/ST/STM32CubeIDE_2.1.0/STM32CubeIDE/plugins/com.st.stm32cube.ide.mcu.externaltools.gnu-tools-for-stm32.14.3.rel1.win32_1.0.100.202602081740/tools/bin/../lib/gcc/arm-none-eabi/14.3.1/thumb/v7e-m+fp/hard\libgcc.a
LOAD C:/ST/STM32CubeIDE_2.1.0/STM32CubeIDE/plugins/com.st.stm32cube.ide.mcu.externaltools.gnu-tools-for-stm32.14.3.rel1.win32_1.0.100.202602081740/tools/bin/../lib/gcc/arm-none-eabi/14.3.1/../../../../arm-none-eabi/lib/thumb/v7e-m+fp/hard\libc_nano.a
END GROUP
START GROUP
LOAD C:/ST/STM32CubeIDE_2.1.0/STM32CubeIDE/plugins/com.st.stm32cube.ide.mcu.externaltools.gnu-tools-for-stm32.14.3.rel1.win32_1.0.100.202602081740/tools/bin/../lib/gcc/arm-none-eabi/14.3.1/thumb/v7e-m+fp/hard\libgcc.a
LOAD C:/ST/STM32CubeIDE_2.1.0/STM32CubeIDE/plugins/com.st.stm32cube.ide.mcu.externaltools.gnu-tools-for-stm32.14.3.rel1.win32_1.0.100.202602081740/tools/bin/../lib/gcc/arm-none-eabi/14.3.1/../../../../arm-none-eabi/lib/thumb/v7e-m+fp/hard\libc_nano.a
LOAD C:/ST/STM32CubeIDE_2.1.0/STM32CubeIDE/plugins/com.st.stm32cube.ide.mcu.externaltools.gnu-tools-for-stm32.14.3.rel1.win32_1.0.100.202602081740/tools/bin/../lib/gcc/arm-none-eabi/14.3.1/../../../../arm-none-eabi/lib/thumb/v7e-m+fp/hard\libnosys.a
END GROUP
START GROUP
LOAD C:/ST/STM32CubeIDE_2.1.0/STM32CubeIDE/plugins/com.st.stm32cube.ide.mcu.externaltools.gnu-tools-for-stm32.14.3.rel1.win32_1.0.100.202602081740/tools/bin/../lib/gcc/arm-none-eabi/14.3.1/thumb/v7e-m+fp/hard\libgcc.a
LOAD C:/ST/STM32CubeIDE_2.1.0/STM32CubeIDE/plugins/com.st.stm32cube.ide.mcu.externaltools.gnu-tools-for-stm32.14.3.rel1.win32_1.0.100.202602081740/tools/bin/../lib/gcc/arm-none-eabi/14.3.1/../../../../arm-none-eabi/lib/thumb/v7e-m+fp/hard\libc_nano.a
LOAD C:/ST/STM32CubeIDE_2.1.0/STM32CubeIDE/plugins/com.st.stm32cube.ide.mcu.externaltools.gnu-tools-for-stm32.14.3.rel1.win32_1.0.100.202602081740/tools/bin/../lib/gcc/arm-none-eabi/14.3.1/../../../../arm-none-eabi/lib/thumb/v7e-m+fp/hard\libnosys.a
END GROUP
LOAD C:/ST/STM32CubeIDE_2.1.0/STM32CubeIDE/plugins/com.st.stm32cube.ide.mcu.externaltools.gnu-tools-for-stm32.14.3.rel1.win32_1.0.100.202602081740/tools/bin/../lib/gcc/arm-none-eabi/14.3.1/thumb/v7e-m+fp/hard/crtend.o
LOAD C:/ST/STM32CubeIDE_2.1.0/STM32CubeIDE/plugins/com.st.stm32cube.ide.mcu.externaltools.gnu-tools-for-stm32.14.3.rel1.win32_1.0.100.202602081740/tools/bin/../lib/gcc/arm-none-eabi/14.3.1/thumb/v7e-m+fp/hard/crtn.o
                0x20020000                        _estack = (ORIGIN (RAM) + LENGTH (RAM))
                0x00000200                        _Min_Heap_Size = 0x200
                0x00000400                        _Min_Stack_Size = 0x400

.isr_vector     0x08000000      0x188
                0x08000000                        . = ALIGN (0x4)
 *(.isr_vector)
 .isr_vector    0x08000000      0x188 ./Core/Startup/startup_stm32f407vgtx.o
                0x08000000                g_pfnVectors
                0x08000188                        . = ALIGN (0x4)

.text           0x08000190     0xf5e0
                0x08000190                        . = ALIGN (0x4)
 *(.text)
 .text          0x08000190       0x40 C:/ST/STM32CubeIDE_2.1.0/STM32CubeIDE/plugins/com.st.stm32cube.ide.mcu.externaltools.gnu-tools-for-stm32.14.3.rel1.win32_1.0.100.202602081740/tools/bin/../lib/gcc/arm-none-eabi/14.3.1/thumb/v7e-m+fp/hard/crtbegin.o
 .text          0x080001d0       0x10 C:/ST/STM32CubeIDE_2.1.0/STM32CubeIDE/plugins/com.st.stm32cube.ide.mcu.externaltools.gnu-tools-for-stm32.14.3.rel1.win32_1.0.100.202602081740/tools/bin/../lib/gcc/arm-none-eabi/14.3.1/../../../../arm-none-eabi/lib/thumb/v7e-m+fp/hard\libc_nano.a(libc_a-strlen.o)
                0x080001d0                strlen
 .text          0x080001e0       0xa0 C:/ST/STM32CubeIDE_2.1.0/STM32CubeIDE/plugins/com.st.stm32cube.ide.mcu.externaltools.gnu-tools-for-stm32.14.3.rel1.win32_1.0.100.202602081740/tools/bin/../lib/gcc/arm-none-eabi/14.3.1/../../../../arm-none-eabi/lib/thumb/v7e-m+fp/hard\libc_nano.a(libc_a-memchr.o)
                0x080001e0                memchr
 .text          0x08000280       0x30 C:/ST/STM32CubeIDE_2.1.0/STM32CubeIDE/plugins/com.st.stm32cube.ide.mcu.externaltools.gnu-tools-for-stm32.14.3.rel1.win32_1.0.100.202602081740/tools/bin/../lib/gcc/arm-none-eabi/14.3.1/thumb/v7e-m+fp/hard\libgcc.a(_aeabi_uldivmod.o)
                0x08000280                __aeabi_uldivmod
 .text          0x080002b0      0x2f8 C:/ST/STM32CubeIDE_2.1.0/STM32CubeIDE/plugins/com.st.stm32cube.ide.mcu.externaltools.gnu-tools-for-stm32.14.3.rel1.win32_1.0.100.202602081740/tools/bin/../lib/gcc/arm-none-eabi/14.3.1/thumb/v7e-m+fp/hard\libgcc.a(_udivmoddi4.o)
                0x080002b0                __udivmoddi4
 .text          0x080005a8        0x4 C:/ST/STM32CubeIDE_2.1.0/STM32CubeIDE/plugins/com.st.stm32cube.ide.mcu.externaltools.gnu-tools-for-stm32.14.3.rel1.win32_1.0.100.202602081740/tools/bin/../lib/gcc/arm-none-eabi/14.3.1/thumb/v7e-m+fp/hard\libgcc.a(_dvmd_tls.o)
                0x080005a8                __aeabi_idiv0
                0x080005a8                __aeabi_ldiv0
 *(.text*)
 .text.main     0x080005ac       0x9c ./Core/Src/main.o
                0x080005ac                main
 .text.SystemClock_Config
                0x08000648       0xd4 ./Core/Src/main.o
                0x08000648                SystemClock_Config
 .text.MX_I2C1_Init
                0x0800071c       0x5c ./Core/Src/main.o
 .text.MX_I2S3_Init
                0x08000778       0x60 ./Core/Src/main.o
 .text.MX_SPI1_Init
                0x080007d8       0x6c ./Core/Src/main.o
 .text.MX_USART3_UART_Init
                0x08000844       0x54 ./Core/Src/main.o
 .text.MX_GPIO_Init
                0x08000898      0x1fc ./Core/Src/main.o
 .text.StartSignalTask
                0x08000a94       0x90 ./Core/Src/main.o
                0x08000a94                StartSignalTask
 .text.StartTimeTask
                0x08000b24       0x90 ./Core/Src/main.o
                0x08000b24                StartTimeTask
 .text.StartDefaultTask
                0x08000bb4       0x28 ./Core/Src/main.o
                0x08000bb4                StartDefaultTask
 .text.HAL_TIM_PeriodElapsedCallback
                0x08000bdc       0x24 ./Core/Src/main.o
                0x08000bdc                HAL_TIM_PeriodElapsedCallback
 .text.Error_Handler
                0x08000c00        0xc ./Core/Src/main.o
                0x08000c00                Error_Handler
 .text.HAL_MspInit
                0x08000c0c       0x58 ./Core/Src/stm32f4xx_hal_msp.o
                0x08000c0c                HAL_MspInit
 .text.HAL_I2C_MspInit
                0x08000c64       0x90 ./Core/Src/stm32f4xx_hal_msp.o
                0x08000c64                HAL_I2C_MspInit
 .text.HAL_I2S_MspInit
                0x08000cf4      0x100 ./Core/Src/stm32f4xx_hal_msp.o
                0x08000cf4                HAL_I2S_MspInit
 .text.HAL_SPI_MspInit
                0x08000df4       0x90 ./Core/Src/stm32f4xx_hal_msp.o
                0x08000df4                HAL_SPI_MspInit
 .text.HAL_UART_MspInit
                0x08000e84       0xe4 ./Core/Src/stm32f4xx_hal_msp.o
                0x08000e84                HAL_UART_MspInit
 .text.HAL_InitTick
                0x08000f68       0xe8 ./Core/Src/stm32f4xx_hal_timebase_tim.o
                0x08000f68                HAL_InitTick
 .text.NMI_Handler
                0x08001050        0x8 ./Core/Src/stm32f4xx_it.o
                0x08001050                NMI_Handler
 .text.HardFault_Handler
                0x08001058        0x8 ./Core/Src/stm32f4xx_it.o
                0x08001058                HardFault_Handler
 .text.MemManage_Handler
                0x08001060        0x8 ./Core/Src/stm32f4xx_it.o
                0x08001060                MemManage_Handler
 .text.BusFault_Handler
                0x08001068        0x8 ./Core/Src/stm32f4xx_it.o
                0x08001068                BusFault_Handler
 .text.UsageFault_Handler
                0x08001070        0x8 ./Core/Src/stm32f4xx_it.o
                0x08001070                UsageFault_Handler
 .text.DebugMon_Handler
                0x08001078        0xe ./Core/Src/stm32f4xx_it.o
                0x08001078                DebugMon_Handler
 *fill*         0x08001086        0x2 
 .text.TIM1_UP_TIM10_IRQHandler
                0x08001088       0x14 ./Core/Src/stm32f4xx_it.o
                0x08001088                TIM1_UP_TIM10_IRQHandler
 .text.USART3_IRQHandler
                0x0800109c       0x14 ./Core/Src/stm32f4xx_it.o
                0x0800109c                USART3_IRQHandler
 .text.OTG_FS_IRQHandler
                0x080010b0       0x14 ./Core/Src/stm32f4xx_it.o
                0x080010b0                OTG_FS_IRQHandler
 .text._getpid  0x080010c4       0x10 ./Core/Src/syscalls.o
                0x080010c4                _getpid
 .text._kill    0x080010d4       0x20 ./Core/Src/syscalls.o
                0x080010d4                _kill
 .text._exit    0x080010f4       0x16 ./Core/Src/syscalls.o
                0x080010f4                _exit
 .text._read    0x0800110a       0x3a ./Core/Src/syscalls.o
                0x0800110a                _read
 .text._write   0x08001144       0x38 ./Core/Src/syscalls.o
                0x08001144                _write
 .text._close   0x0800117c       0x18 ./Core/Src/syscalls.o
                0x0800117c                _close
 .text._fstat   0x08001194       0x20 ./Core/Src/syscalls.o
                0x08001194                _fstat
 .text._isatty  0x080011b4       0x16 ./Core/Src/syscalls.o
                0x080011b4                _isatty
 .text._lseek   0x080011ca       0x1a ./Core/Src/syscalls.o
                0x080011ca                _lseek
 .text._sbrk    0x080011e4       0x6c ./Core/Src/sysmem.o
                0x080011e4                _sbrk
 .text.SystemInit
                0x08001250       0x24 ./Core/Src/system_stm32f4xx.o
                0x08001250                SystemInit
 .text.Reset_Handler
                0x08001274       0x50 ./Core/Startup/startup_stm32f407vgtx.o
                0x08001274                Reset_Handler
 .text.Default_Handler
                0x080012c4        0x2 ./Core/Startup/startup_stm32f407vgtx.o
                0x080012c4                RTC_Alarm_IRQHandler
                0x080012c4                HASH_RNG_IRQHandler
                0x080012c4                EXTI2_IRQHandler
                0x080012c4                TIM8_CC_IRQHandler
                0x080012c4                TIM1_CC_IRQHandler
                0x080012c4                DMA2_Stream5_IRQHandler
                0x080012c4                DMA1_Stream5_IRQHandler
                0x080012c4                PVD_IRQHandler
                0x080012c4                SDIO_IRQHandler
                0x080012c4                TAMP_STAMP_IRQHandler
                0x080012c4                CAN2_RX1_IRQHandler
                0x080012c4                EXTI3_IRQHandler
                0x080012c4                TIM8_TRG_COM_TIM14_IRQHandler
                0x080012c4                TIM8_UP_TIM13_IRQHandler
                0x080012c4                I2C3_ER_IRQHandler
                0x080012c4                EXTI0_IRQHandler
                0x080012c4                I2C2_EV_IRQHandler
                0x080012c4                DMA1_Stream2_IRQHandler
                0x080012c4                CAN1_RX0_IRQHandler
                0x080012c4                FPU_IRQHandler
                0x080012c4                OTG_HS_WKUP_IRQHandler
                0x080012c4                CAN2_SCE_IRQHandler
                0x080012c4                DMA2_Stream2_IRQHandler
                0x080012c4                SPI1_IRQHandler
                0x080012c4                TIM6_DAC_IRQHandler
                0x080012c4                TIM1_BRK_TIM9_IRQHandler
                0x080012c4                DCMI_IRQHandler
                0x080012c4                CAN2_RX0_IRQHandler
                0x080012c4                DMA2_Stream3_IRQHandler
                0x080012c4                USART6_IRQHandler
                0x080012c4                CAN1_RX1_IRQHandler
                0x080012c4                UART5_IRQHandler
                0x080012c4                DMA2_Stream0_IRQHandler
                0x080012c4                TIM4_IRQHandler
                0x080012c4                I2C1_EV_IRQHandler
                0x080012c4                DMA1_Stream6_IRQHandler
                0x080012c4                DMA1_Stream1_IRQHandler
                0x080012c4                UART4_IRQHandler
                0x080012c4                TIM3_IRQHandler
                0x080012c4                RCC_IRQHandler
                0x080012c4                TIM8_BRK_TIM12_IRQHandler
                0x080012c4                Default_Handler
                0x080012c4                EXTI15_10_IRQHandler
                0x080012c4                ADC_IRQHandler
                0x080012c4                DMA1_Stream7_IRQHandler
                0x080012c4                TIM7_IRQHandler
                0x080012c4                CAN2_TX_IRQHandler
                0x080012c4                TIM5_IRQHandler
                0x080012c4                DMA2_Stream7_IRQHandler
                0x080012c4                I2C3_EV_IRQHandler
                0x080012c4                EXTI9_5_IRQHandler
                0x080012c4                RTC_WKUP_IRQHandler
                0x080012c4                ETH_WKUP_IRQHandler
                0x080012c4                SPI2_IRQHandler
                0x080012c4                OTG_HS_EP1_IN_IRQHandler
                0x080012c4                DMA1_Stream0_IRQHandler
                0x080012c4                CAN1_TX_IRQHandler
                0x080012c4                EXTI4_IRQHandler
                0x080012c4                FSMC_IRQHandler
                0x080012c4                ETH_IRQHandler
                0x080012c4                OTG_HS_EP1_OUT_IRQHandler
                0x080012c4                WWDG_IRQHandler
                0x080012c4                TIM2_IRQHandler
                0x080012c4                OTG_FS_WKUP_IRQHandler
                0x080012c4                TIM1_TRG_COM_TIM11_IRQHandler
                0x080012c4                OTG_HS_IRQHandler
                0x080012c4                EXTI1_IRQHandler
                0x080012c4                USART2_IRQHandler
                0x080012c4                I2C2_ER_IRQHandler
                0x080012c4                DMA2_Stream1_IRQHandler
                0x080012c4                CAN1_SCE_IRQHandler
                0x080012c4                FLASH_IRQHandler
                0x080012c4                DMA2_Stream4_IRQHandler
                0x080012c4                USART1_IRQHandler
                0x080012c4                SPI3_IRQHandler
                0x080012c4                DMA1_Stream4_IRQHandler
                0x080012c4                I2C1_ER_IRQHandler
                0x080012c4                DMA2_Stream6_IRQHandler
                0x080012c4                DMA1_Stream3_IRQHandler
 *fill*         0x080012c6        0x2 
 .text.HAL_Init
                0x080012c8       0x44 ./Drivers/STM32F4xx_HAL_Driver/Src/stm32f4xx_hal.o
                0x080012c8                HAL_Init
 .text.HAL_IncTick
                0x0800130c       0x28 ./Drivers/STM32F4xx_HAL_Driver/Src/stm32f4xx_hal.o
                0x0800130c                HAL_IncTick
 .text.HAL_GetTick
                0x08001334       0x18 ./Drivers/STM32F4xx_HAL_Driver/Src/stm32f4xx_hal.o
                0x08001334                HAL_GetTick
 .text.HAL_Delay
                0x0800134c       0x48 ./Drivers/STM32F4xx_HAL_Driver/Src/stm32f4xx_hal.o
                0x0800134c                HAL_Delay
 .text.__NVIC_SetPriorityGrouping
                0x08001394       0x48 ./Drivers/STM32F4xx_HAL_Driver/Src/stm32f4xx_hal_cortex.o
 .text.__NVIC_GetPriorityGrouping
                0x080013dc       0x1c ./Drivers/STM32F4xx_HAL_Driver/Src/stm32f4xx_hal_cortex.o
 .text.__NVIC_EnableIRQ
                0x080013f8       0x3c ./Drivers/STM32F4xx_HAL_Driver/Src/stm32f4xx_hal_cortex.o
 .text.__NVIC_SetPriority
                0x08001434       0x54 ./Drivers/STM32F4xx_HAL_Driver/Src/stm32f4xx_hal_cortex.o
 .text.NVIC_EncodePriority
                0x08001488       0x66 ./Drivers/STM32F4xx_HAL_Driver/Src/stm32f4xx_hal_cortex.o
 .text.HAL_NVIC_SetPriorityGrouping
                0x080014ee       0x16 ./Drivers/STM32F4xx_HAL_Driver/Src/stm32f4xx_hal_cortex.o
                0x080014ee                HAL_NVIC_SetPriorityGrouping
 .text.HAL_NVIC_SetPriority
                0x08001504       0x38 ./Drivers/STM32F4xx_HAL_Driver/Src/stm32f4xx_hal_cortex.o
                0x08001504                HAL_NVIC_SetPriority
 .text.HAL_NVIC_EnableIRQ
                0x0800153c       0x1c ./Drivers/STM32F4xx_HAL_Driver/Src/stm32f4xx_hal_cortex.o
                0x0800153c                HAL_NVIC_EnableIRQ
 .text.HAL_DMA_Abort
                0x08001558       0xe0 ./Drivers/STM32F4xx_HAL_Driver/Src/stm32f4xx_hal_dma.o
                0x08001558                HAL_DMA_Abort
 .text.HAL_DMA_Abort_IT
                0x08001638       0x44 ./Drivers/STM32F4xx_HAL_Driver/Src/stm32f4xx_hal_dma.o
                0x08001638                HAL_DMA_Abort_IT
 .text.HAL_GPIO_Init
                0x0800167c      0x338 ./Drivers/STM32F4xx_HAL_Driver/Src/stm32f4xx_hal_gpio.o
                0x0800167c                HAL_GPIO_Init
 .text.HAL_GPIO_WritePin
                0x080019b4       0x32 ./Drivers/STM32F4xx_HAL_Driver/Src/stm32f4xx_hal_gpio.o
                0x080019b4                HAL_GPIO_WritePin
 .text.HAL_GPIO_TogglePin
                0x080019e6       0x34 ./Drivers/STM32F4xx_HAL_Driver/Src/stm32f4xx_hal_gpio.o
                0x080019e6                HAL_GPIO_TogglePin
 .text.HAL_HCD_Init
                0x08001a1a       0xce ./Drivers/STM32F4xx_HAL_Driver/Src/stm32f4xx_hal_hcd.o
                0x08001a1a                HAL_HCD_Init
 .text.HAL_HCD_HC_Init
                0x08001ae8      0x170 ./Drivers/STM32F4xx_HAL_Driver/Src/stm32f4xx_hal_hcd.o
                0x08001ae8                HAL_HCD_HC_Init
 .text.HAL_HCD_HC_SubmitRequest
                0x08001c58      0x33c ./Drivers/STM32F4xx_HAL_Driver/Src/stm32f4xx_hal_hcd.o
                0x08001c58                HAL_HCD_HC_SubmitRequest
 .text.HAL_HCD_IRQHandler
                0x08001f94      0x220 ./Drivers/STM32F4xx_HAL_Driver/Src/stm32f4xx_hal_hcd.o
                0x08001f94                HAL_HCD_IRQHandler
 .text.HAL_HCD_Start
                0x080021b4       0x46 ./Drivers/STM32F4xx_HAL_Driver/Src/stm32f4xx_hal_hcd.o
                0x080021b4                HAL_HCD_Start
 .text.HAL_HCD_Stop
                0x080021fa       0x3a ./Drivers/STM32F4xx_HAL_Driver/Src/stm32f4xx_hal_hcd.o
                0x080021fa                HAL_HCD_Stop
 .text.HAL_HCD_ResetPort
                0x08002234       0x1c ./Drivers/STM32F4xx_HAL_Driver/Src/stm32f4xx_hal_hcd.o
                0x08002234                HAL_HCD_ResetPort
 .text.HAL_HCD_HC_GetURBState
                0x08002250       0x2a ./Drivers/STM32F4xx_HAL_Driver/Src/stm32f4xx_hal_hcd.o
                0x08002250                HAL_HCD_HC_GetURBState
 .text.HAL_HCD_HC_GetXferCount
                0x0800227a       0x2a ./Drivers/STM32F4xx_HAL_Driver/Src/stm32f4xx_hal_hcd.o
                0x0800227a                HAL_HCD_HC_GetXferCount
 .text.HAL_HCD_GetCurrentFrame
                0x080022a4       0x1c ./Drivers/STM32F4xx_HAL_Driver/Src/stm32f4xx_hal_hcd.o
                0x080022a4                HAL_HCD_GetCurrentFrame
 .text.HAL_HCD_GetCurrentSpeed
                0x080022c0       0x1c ./Drivers/STM32F4xx_HAL_Driver/Src/stm32f4xx_hal_hcd.o
                0x080022c0                HAL_HCD_GetCurrentSpeed
 .text.HAL_HCD_HC_ClearHubInfo
                0x080022dc       0x6a ./Drivers/STM32F4xx_HAL_Driver/Src/stm32f4xx_hal_hcd.o
                0x080022dc                HAL_HCD_HC_ClearHubInfo
 .text.HCD_HC_IN_IRQHandler
                0x08002346      0xcd2 ./Drivers/STM32F4xx_HAL_Driver/Src/stm32f4xx_hal_hcd.o
 .text.HCD_HC_OUT_IRQHandler
                0x08003018      0x97e ./Drivers/STM32F4xx_HAL_Driver/Src/stm32f4xx_hal_hcd.o
 .text.HCD_RXQLVL_IRQHandler
                0x08003996      0x1be ./Drivers/STM32F4xx_HAL_Driver/Src/stm32f4xx_hal_hcd.o
 .text.HCD_Port_IRQHandler
                0x08003b54       0xe6 ./Drivers/STM32F4xx_HAL_Driver/Src/stm32f4xx_hal_hcd.o
 *fill*         0x08003c3a        0x2 
 .text.HAL_I2C_Init
                0x08003c3c      0x288 ./Drivers/STM32F4xx_HAL_Driver/Src/stm32f4xx_hal_i2c.o
                0x08003c3c                HAL_I2C_Init
 .text.HAL_I2S_Init
                0x08003ec4      0x280 ./Drivers/STM32F4xx_HAL_Driver/Src/stm32f4xx_hal_i2s.o
                0x08003ec4                HAL_I2S_Init
 .text.HAL_I2S_TxCpltCallback
                0x08004144       0x14 ./Drivers/STM32F4xx_HAL_Driver/Src/stm32f4xx_hal_i2s.o
                0x08004144                HAL_I2S_TxCpltCallback
 .text.HAL_I2S_RxCpltCallback
                0x08004158       0x14 ./Drivers/STM32F4xx_HAL_Driver/Src/stm32f4xx_hal_i2s.o
                0x08004158                HAL_I2S_RxCpltCallback
 .text.HAL_I2S_ErrorCallback
                0x0800416c       0x14 ./Drivers/STM32F4xx_HAL_Driver/Src/stm32f4xx_hal_i2s.o
                0x0800416c                HAL_I2S_ErrorCallback
 .text.I2S_Transmit_IT
                0x08004180       0x5c ./Drivers/STM32F4xx_HAL_Driver/Src/stm32f4xx_hal_i2s.o
 .text.I2S_Receive_IT
                0x080041dc       0x5e ./Drivers/STM32F4xx_HAL_Driver/Src/stm32f4xx_hal_i2s.o
 .text.I2S_IRQHandler
                0x0800423a      0x114 ./Drivers/STM32F4xx_HAL_Driver/Src/stm32f4xx_hal_i2s.o
 *fill*         0x0800434e        0x2 
 .text.HAL_I2SEx_FullDuplex_IRQHandler
                0x08004350      0x2a8 ./Drivers/STM32F4xx_HAL_Driver/Src/stm32f4xx_hal_i2s_ex.o
                0x08004350                HAL_I2SEx_FullDuplex_IRQHandler
 .text.HAL_I2SEx_TxRxCpltCallback
                0x080045f8       0x14 ./Drivers/STM32F4xx_HAL_Driver/Src/stm32f4xx_hal_i2s_ex.o
                0x080045f8                HAL_I2SEx_TxRxCpltCallback
 .text.I2SEx_TxISR_I2S
                0x0800460c       0x62 ./Drivers/STM32F4xx_HAL_Driver/Src/stm32f4xx_hal_i2s_ex.o
 *fill*         0x0800466e        0x2 
 .text.I2SEx_TxISR_I2SExt
                0x08004670       0x98 ./Drivers/STM32F4xx_HAL_Driver/Src/stm32f4xx_hal_i2s_ex.o
 .text.I2SEx_RxISR_I2S
                0x08004708       0x64 ./Drivers/STM32F4xx_HAL_Driver/Src/stm32f4xx_hal_i2s_ex.o
 .text.I2SEx_RxISR_I2SExt
                0x0800476c       0x98 ./Drivers/STM32F4xx_HAL_Driver/Src/stm32f4xx_hal_i2s_ex.o
 .text.HAL_RCC_OscConfig
                0x08004804      0x4f0 ./Drivers/STM32F4xx_HAL_Driver/Src/stm32f4xx_hal_rcc.o
                0x08004804                HAL_RCC_OscConfig
 .text.HAL_RCC_ClockConfig
                0x08004cf4      0x1cc ./Drivers/STM32F4xx_HAL_Driver/Src/stm32f4xx_hal_rcc.o
                0x08004cf4                HAL_RCC_ClockConfig
 .text.HAL_RCC_GetSysClockFreq
                0x08004ec0      0x20c ./Drivers/STM32F4xx_HAL_Driver/Src/stm32f4xx_hal_rcc.o
                0x08004ec0                HAL_RCC_GetSysClockFreq
 .text.HAL_RCC_GetHCLKFreq
                0x080050cc       0x18 ./Drivers/STM32F4xx_HAL_Driver/Src/stm32f4xx_hal_rcc.o
                0x080050cc                HAL_RCC_GetHCLKFreq
 .text.HAL_RCC_GetPCLK1Freq
                0x080050e4       0x28 ./Drivers/STM32F4xx_HAL_Driver/Src/stm32f4xx_hal_rcc.o
                0x080050e4                HAL_RCC_GetPCLK1Freq
 .text.HAL_RCC_GetPCLK2Freq
                0x0800510c       0x28 ./Drivers/STM32F4xx_HAL_Driver/Src/stm32f4xx_hal_rcc.o
                0x0800510c                HAL_RCC_GetPCLK2Freq
 .text.HAL_RCC_GetClockConfig
                0x08005134       0x64 ./Drivers/STM32F4xx_HAL_Driver/Src/stm32f4xx_hal_rcc.o
                0x08005134                HAL_RCC_GetClockConfig
 .text.HAL_RCCEx_PeriphCLKConfig
                0x08005198      0x1c4 ./Drivers/STM32F4xx_HAL_Driver/Src/stm32f4xx_hal_rcc_ex.o
                0x08005198                HAL_RCCEx_PeriphCLKConfig
 .text.HAL_RCCEx_GetPeriphCLKFreq
                0x0800535c       0xc0 ./Drivers/STM32F4xx_HAL_Driver/Src/stm32f4xx_hal_rcc_ex.o
                0x0800535c                HAL_RCCEx_GetPeriphCLKFreq
 .text.HAL_SPI_Init
                0x0800541c      0x112 ./Drivers/STM32F4xx_HAL_Driver/Src/stm32f4xx_hal_spi.o
                0x0800541c                HAL_SPI_Init
 .text.HAL_TIM_Base_Init
                0x0800552e       0x9e ./Drivers/STM32F4xx_HAL_Driver/Src/stm32f4xx_hal_tim.o
                0x0800552e                HAL_TIM_Base_Init
 .text.HAL_TIM_Base_MspInit
                0x080055cc       0x14 ./Drivers/STM32F4xx_HAL_Driver/Src/stm32f4xx_hal_tim.o
                0x080055cc                HAL_TIM_Base_MspInit
 .text.HAL_TIM_Base_Start_IT
                0x080055e0       0xe0 ./Drivers/STM32F4xx_HAL_Driver/Src/stm32f4xx_hal_tim.o
                0x080055e0                HAL_TIM_Base_Start_IT
 .text.HAL_TIM_IRQHandler
                0x080056c0      0x1e0 ./Drivers/STM32F4xx_HAL_Driver/Src/stm32f4xx_hal_tim.o
                0x080056c0                HAL_TIM_IRQHandler
 .text.HAL_TIM_OC_DelayElapsedCallback
                0x080058a0       0x14 ./Drivers/STM32F4xx_HAL_Driver/Src/stm32f4xx_hal_tim.o
                0x080058a0                HAL_TIM_OC_DelayElapsedCallback
 .text.HAL_TIM_IC_CaptureCallback
                0x080058b4       0x14 ./Drivers/STM32F4xx_HAL_Driver/Src/stm32f4xx_hal_tim.o
                0x080058b4                HAL_TIM_IC_CaptureCallback
 .text.HAL_TIM_PWM_PulseFinishedCallback
                0x080058c8       0x14 ./Drivers/STM32F4xx_HAL_Driver/Src/stm32f4xx_hal_tim.o
                0x080058c8                HAL_TIM_PWM_PulseFinishedCallback
 .text.HAL_TIM_TriggerCallback
                0x080058dc       0x14 ./Drivers/STM32F4xx_HAL_Driver/Src/stm32f4xx_hal_tim.o
                0x080058dc                HAL_TIM_TriggerCallback
 .text.TIM_Base_SetConfig
                0x080058f0      0x14c ./Drivers/STM32F4xx_HAL_Driver/Src/stm32f4xx_hal_tim.o
                0x080058f0                TIM_Base_SetConfig
 .text.HAL_TIMEx_CommutCallback
                0x08005a3c       0x14 ./Drivers/STM32F4xx_HAL_Driver/Src/stm32f4xx_hal_tim_ex.o
                0x08005a3c                HAL_TIMEx_CommutCallback
 .text.HAL_TIMEx_BreakCallback
                0x08005a50       0x14 ./Drivers/STM32F4xx_HAL_Driver/Src/stm32f4xx_hal_tim_ex.o
                0x08005a50                HAL_TIMEx_BreakCallback
 .text.HAL_UART_Init
                0x08005a64       0xa0 ./Drivers/STM32F4xx_HAL_Driver/Src/stm32f4xx_hal_uart.o
                0x08005a64                HAL_UART_Init
 .text.HAL_UART_Transmit
                0x08005b04      0x116 ./Drivers/STM32F4xx_HAL_Driver/Src/stm32f4xx_hal_uart.o
                0x08005b04                HAL_UART_Transmit
 .text.HAL_UART_Receive_IT
                0x08005c1a       0x4a ./Drivers/STM32F4xx_HAL_Driver/Src/stm32f4xx_hal_uart.o
                0x08005c1a                HAL_UART_Receive_IT
 .text.HAL_UART_IRQHandler
                0x08005c64      0x554 ./Drivers/STM32F4xx_HAL_Driver/Src/stm32f4xx_hal_uart.o
                0x08005c64                HAL_UART_IRQHandler
 .text.HAL_UART_TxCpltCallback
                0x080061b8       0x14 ./Drivers/STM32F4xx_HAL_Driver/Src/stm32f4xx_hal_uart.o
                0x080061b8                HAL_UART_TxCpltCallback
 .text.HAL_UART_ErrorCallback
                0x080061cc       0x14 ./Drivers/STM32F4xx_HAL_Driver/Src/stm32f4xx_hal_uart.o
                0x080061cc                HAL_UART_ErrorCallback
 .text.HAL_UARTEx_RxEventCallback
                0x080061e0       0x18 ./Drivers/STM32F4xx_HAL_Driver/Src/stm32f4xx_hal_uart.o
                0x080061e0                HAL_UARTEx_RxEventCallback
 .text.UART_WaitOnFlagUntilTimeout
                0x080061f8       0xb2 ./Drivers/STM32F4xx_HAL_Driver/Src/stm32f4xx_hal_uart.o
 .text.UART_Start_Receive_IT
                0x080062aa       0x74 ./Drivers/STM32F4xx_HAL_Driver/Src/stm32f4xx_hal_uart.o
                0x080062aa                UART_Start_Receive_IT
 .text.UART_EndRxTransfer
                0x0800631e       0xc6 ./Drivers/STM32F4xx_HAL_Driver/Src/stm32f4xx_hal_uart.o
 .text.UART_DMAAbortOnError
                0x080063e4       0x22 ./Drivers/STM32F4xx_HAL_Driver/Src/stm32f4xx_hal_uart.o
 .text.UART_Transmit_IT
                0x08006406       0xa0 ./Drivers/STM32F4xx_HAL_Driver/Src/stm32f4xx_hal_uart.o
 .text.UART_EndTransmit_IT
                0x080064a6       0x30 ./Drivers/STM32F4xx_HAL_Driver/Src/stm32f4xx_hal_uart.o
 .text.UART_Receive_IT
                0x080064d6      0x17c ./Drivers/STM32F4xx_HAL_Driver/Src/stm32f4xx_hal_uart.o
 *fill*         0x08006652        0x2 
 .text.UART_SetConfig
                0x08006654      0x4e8 ./Drivers/STM32F4xx_HAL_Driver/Src/stm32f4xx_hal_uart.o
 .text.USB_CoreInit
                0x08006b3c       0xc8 ./Drivers/STM32F4xx_HAL_Driver/Src/stm32f4xx_ll_usb.o
                0x08006b3c                USB_CoreInit
 .text.USB_EnableGlobalInt
                0x08006c04       0x22 ./Drivers/STM32F4xx_HAL_Driver/Src/stm32f4xx_ll_usb.o
                0x08006c04                USB_EnableGlobalInt
 .text.USB_DisableGlobalInt
                0x08006c26       0x22 ./Drivers/STM32F4xx_HAL_Driver/Src/stm32f4xx_ll_usb.o
                0x08006c26                USB_DisableGlobalInt
 .text.USB_SetCurrentMode
                0x08006c48       0x98 ./Drivers/STM32F4xx_HAL_Driver/Src/stm32f4xx_ll_usb.o
                0x08006c48                USB_SetCurrentMode
 .text.USB_FlushTxFifo
                0x08006ce0       0x64 ./Drivers/STM32F4xx_HAL_Driver/Src/stm32f4xx_ll_usb.o
                0x08006ce0                USB_FlushTxFifo
 .text.USB_FlushRxFifo
                0x08006d44       0x5c ./Drivers/STM32F4xx_HAL_Driver/Src/stm32f4xx_ll_usb.o
                0x08006d44                USB_FlushRxFifo
 .text.USB_WritePacket
                0x08006da0       0x7c ./Drivers/STM32F4xx_HAL_Driver/Src/stm32f4xx_ll_usb.o
                0x08006da0                USB_WritePacket
 .text.USB_ReadPacket
                0x08006e1c       0xb0 ./Drivers/STM32F4xx_HAL_Driver/Src/stm32f4xx_ll_usb.o
                0x08006e1c                USB_ReadPacket
 .text.USB_ReadInterrupts
                0x08006ecc       0x26 ./Drivers/STM32F4xx_HAL_Driver/Src/stm32f4xx_ll_usb.o
                0x08006ecc                USB_ReadInterrupts
 .text.USB_ReadChInterrupts
                0x08006ef2       0x42 ./Drivers/STM32F4xx_HAL_Driver/Src/stm32f4xx_ll_usb.o
                0x08006ef2                USB_ReadChInterrupts
 .text.USB_GetMode
                0x08006f34       0x1c ./Drivers/STM32F4xx_HAL_Driver/Src/stm32f4xx_ll_usb.o
                0x08006f34                USB_GetMode
 .text.USB_CoreReset
                0x08006f50       0x70 ./Drivers/STM32F4xx_HAL_Driver/Src/stm32f4xx_ll_usb.o
 .text.USB_HostInit
                0x08006fc0      0x188 ./Drivers/STM32F4xx_HAL_Driver/Src/stm32f4xx_ll_usb.o
                0x08006fc0                USB_HostInit
 .text.USB_InitFSLSPClkSel
                0x08007148       0x7a ./Drivers/STM32F4xx_HAL_Driver/Src/stm32f4xx_ll_usb.o
                0x08007148                USB_InitFSLSPClkSel
 .text.USB_ResetPort
                0x080071c2       0x54 ./Drivers/STM32F4xx_HAL_Driver/Src/stm32f4xx_ll_usb.o
                0x080071c2                USB_ResetPort
 .text.USB_DriveVbus
                0x08007216       0x72 ./Drivers/STM32F4xx_HAL_Driver/Src/stm32f4xx_ll_usb.o
                0x08007216                USB_DriveVbus
 .text.USB_GetHostSpeed
                0x08007288       0x2e ./Drivers/STM32F4xx_HAL_Driver/Src/stm32f4xx_ll_usb.o
                0x08007288                USB_GetHostSpeed
 .text.USB_GetCurrentFrame
                0x080072b6       0x22 ./Drivers/STM32F4xx_HAL_Driver/Src/stm32f4xx_ll_usb.o
                0x080072b6                USB_GetCurrentFrame
 .text.USB_HC_Init
                0x080072d8      0x258 ./Drivers/STM32F4xx_HAL_Driver/Src/stm32f4xx_ll_usb.o
                0x080072d8                USB_HC_Init
 .text.USB_HC_StartXfer
                0x08007530      0x4f4 ./Drivers/STM32F4xx_HAL_Driver/Src/stm32f4xx_ll_usb.o
                0x08007530                USB_HC_StartXfer
 .text.USB_HC_ReadInterrupt
                0x08007a24       0x22 ./Drivers/STM32F4xx_HAL_Driver/Src/stm32f4xx_ll_usb.o
                0x08007a24                USB_HC_ReadInterrupt
 .text.USB_HC_Halt
                0x08007a46      0x240 ./Drivers/STM32F4xx_HAL_Driver/Src/stm32f4xx_ll_usb.o
                0x08007a46                USB_HC_Halt
 *fill*         0x08007c86        0x2 
 .text.USB_DoPing
                0x08007c88       0x78 ./Drivers/STM32F4xx_HAL_Driver/Src/stm32f4xx_ll_usb.o
                0x08007c88                USB_DoPing
 .text.USB_StopHost
                0x08007d00      0x124 ./Drivers/STM32F4xx_HAL_Driver/Src/stm32f4xx_ll_usb.o
                0x08007d00                USB_StopHost
 .text.AtCommand_Open
                0x08007e24       0x54 ./Drivers/drv_at_command/src/at_command.o
                0x08007e24                AtCommand_Open
 .text.ExecuteCommand
                0x08007e78      0x158 ./Drivers/drv_at_command/src/at_command.o
 .text.AtCommand_Ioctl
                0x08007fd0       0x38 ./Drivers/drv_at_command/src/at_command.o
                0x08007fd0                AtCommand_Ioctl
 .text.HAL_UART_RxCpltCallback
                0x08008008       0x6c ./Drivers/drv_at_command/src/at_command.o
                0x08008008                HAL_UART_RxCpltCallback
 .text.USBH_CDC_InterfaceInit
                0x08008074      0x2ac ./Middlewares/ST/STM32_USB_Host_Library/Class/CDC/Src/usbh_cdc.o
 .text.USBH_CDC_InterfaceDeInit
                0x08008320       0xb2 ./Middlewares/ST/STM32_USB_Host_Library/Class/CDC/Src/usbh_cdc.o
 .text.USBH_CDC_ClassRequest
                0x080083d2       0x3e ./Middlewares/ST/STM32_USB_Host_Library/Class/CDC/Src/usbh_cdc.o
 .text.USBH_CDC_Process
                0x08008410      0x12c ./Middlewares/ST/STM32_USB_Host_Library/Class/CDC/Src/usbh_cdc.o
 .text.USBH_CDC_SOFProcess
                0x0800853c       0x16 ./Middlewares/ST/STM32_USB_Host_Library/Class/CDC/Src/usbh_cdc.o
 .text.GetLineCoding
                0x08008552       0x3e ./Middlewares/ST/STM32_USB_Host_Library/Class/CDC/Src/usbh_cdc.o
 .text.SetLineCoding
                0x08008590       0x3e ./Middlewares/ST/STM32_USB_Host_Library/Class/CDC/Src/usbh_cdc.o
 .text.CDC_ProcessTransmission
                0x080085ce      0x104 ./Middlewares/ST/STM32_USB_Host_Library/Class/CDC/Src/usbh_cdc.o
 .text.CDC_ProcessReception
                0x080086d2       0xc2 ./Middlewares/ST/STM32_USB_Host_Library/Class/CDC/Src/usbh_cdc.o
 .text.USBH_CDC_TransmitCallback
                0x08008794       0x14 ./Middlewares/ST/STM32_USB_Host_Library/Class/CDC/Src/usbh_cdc.o
                0x08008794                USBH_CDC_TransmitCallback
 .text.USBH_CDC_ReceiveCallback
                0x080087a8       0x14 ./Middlewares/ST/STM32_USB_Host_Library/Class/CDC/Src/usbh_cdc.o
                0x080087a8                USBH_CDC_ReceiveCallback
 .text.USBH_CDC_LineCodingChanged
                0x080087bc       0x14 ./Middlewares/ST/STM32_USB_Host_Library/Class/CDC/Src/usbh_cdc.o
                0x080087bc                USBH_CDC_LineCodingChanged
 .text.USBH_Init
                0x080087d0       0xb8 ./Middlewares/ST/STM32_USB_Host_Library/Core/Src/usbh_core.o
                0x080087d0                USBH_Init
 .text.DeInitStateMachine
                0x08008888       0xe2 ./Middlewares/ST/STM32_USB_Host_Library/Core/Src/usbh_core.o
 .text.USBH_RegisterClass
                0x0800896a       0x54 ./Middlewares/ST/STM32_USB_Host_Library/Core/Src/usbh_core.o
                0x0800896a                USBH_RegisterClass
 .text.USBH_SelectInterface
                0x080089be       0x38 ./Middlewares/ST/STM32_USB_Host_Library/Core/Src/usbh_core.o
                0x080089be                USBH_SelectInterface
 .text.USBH_FindInterface
                0x080089f6       0x8c ./Middlewares/ST/STM32_USB_Host_Library/Core/Src/usbh_core.o
                0x080089f6                USBH_FindInterface
 .text.USBH_Start
                0x08008a82       0x20 ./Middlewares/ST/STM32_USB_Host_Library/Core/Src/usbh_core.o
                0x08008a82                USBH_Start
 *fill*         0x08008aa2        0x2 
 .text.USBH_Process
                0x08008aa4      0x434 ./Middlewares/ST/STM32_USB_Host_Library/Core/Src/usbh_core.o
                0x08008aa4                USBH_Process
 .text.USBH_HandleEnum
                0x08008ed8      0x3fc ./Middlewares/ST/STM32_USB_Host_Library/Core/Src/usbh_core.o
 .text.USBH_LL_SetTimer
                0x080092d4       0x1e ./Middlewares/ST/STM32_USB_Host_Library/Core/Src/usbh_core.o
                0x080092d4                USBH_LL_SetTimer
 .text.USBH_LL_IncTimer
                0x080092f2       0x24 ./Middlewares/ST/STM32_USB_Host_Library/Core/Src/usbh_core.o
                0x080092f2                USBH_LL_IncTimer
 .text.USBH_HandleSof
                0x08009316       0x30 ./Middlewares/ST/STM32_USB_Host_Library/Core/Src/usbh_core.o
 .text.USBH_LL_PortEnabled
                0x08009346       0x24 ./Middlewares/ST/STM32_USB_Host_Library/Core/Src/usbh_core.o
                0x08009346                USBH_LL_PortEnabled
 .text.USBH_LL_PortDisabled
                0x0800936a       0x24 ./Middlewares/ST/STM32_USB_Host_Library/Core/Src/usbh_core.o
                0x0800936a                USBH_LL_PortDisabled
 .text.USBH_LL_Connect
                0x0800938e       0x36 ./Middlewares/ST/STM32_USB_Host_Library/Core/Src/usbh_core.o
                0x0800938e                USBH_LL_Connect
 .text.USBH_LL_Disconnect
                0x080093c4       0x54 ./Middlewares/ST/STM32_USB_Host_Library/Core/Src/usbh_core.o
                0x080093c4                USBH_LL_Disconnect
 .text.USBH_OS_PutMessage
                0x08009418       0x48 ./Middlewares/ST/STM32_USB_Host_Library/Core/Src/usbh_core.o
                0x08009418                USBH_OS_PutMessage
 .text.USBH_Process_OS
                0x08009460       0x2e ./Middlewares/ST/STM32_USB_Host_Library/Core/Src/usbh_core.o
 .text.USBH_LL_NotifyURBChange
                0x0800948e       0x1e ./Middlewares/ST/STM32_USB_Host_Library/Core/Src/usbh_core.o
                0x0800948e                USBH_LL_NotifyURBChange
 .text.USBH_Get_DevDesc
                0x080094ac       0x58 ./Middlewares/ST/STM32_USB_Host_Library/Core/Src/usbh_ctlreq.o
                0x080094ac                USBH_Get_DevDesc
 .text.USBH_Get_CfgDesc
                0x08009504       0x54 ./Middlewares/ST/STM32_USB_Host_Library/Core/Src/usbh_ctlreq.o
                0x08009504                USBH_Get_CfgDesc
 .text.USBH_Get_StringDesc
                0x08009558       0x68 ./Middlewares/ST/STM32_USB_Host_Library/Core/Src/usbh_ctlreq.o
                0x08009558                USBH_Get_StringDesc
 .text.USBH_GetDescriptor
                0x080095c0       0x6a ./Middlewares/ST/STM32_USB_Host_Library/Core/Src/usbh_ctlreq.o
                0x080095c0                USBH_GetDescriptor
 .text.USBH_SetAddress
                0x0800962a       0x48 ./Middlewares/ST/STM32_USB_Host_Library/Core/Src/usbh_ctlreq.o
                0x0800962a                USBH_SetAddress
 .text.USBH_SetCfg
                0x08009672       0x46 ./Middlewares/ST/STM32_USB_Host_Library/Core/Src/usbh_ctlreq.o
                0x08009672                USBH_SetCfg
 .text.USBH_SetFeature
                0x080096b8       0x48 ./Middlewares/ST/STM32_USB_Host_Library/Core/Src/usbh_ctlreq.o
                0x080096b8                USBH_SetFeature
 .text.USBH_ClrFeature
                0x08009700       0x48 ./Middlewares/ST/STM32_USB_Host_Library/Core/Src/usbh_ctlreq.o
                0x08009700                USBH_ClrFeature
 .text.USBH_ParseDevDesc
                0x08009748      0x160 ./Middlewares/ST/STM32_USB_Host_Library/Core/Src/usbh_ctlreq.o
 .text.USBH_ParseCfgDesc
                0x080098a8      0x1f8 ./Middlewares/ST/STM32_USB_Host_Library/Core/Src/usbh_ctlreq.o
 .text.USBH_ParseInterfaceDesc
                0x08009aa0       0x5e ./Middlewares/ST/STM32_USB_Host_Library/Core/Src/usbh_ctlreq.o
 .text.USBH_ParseEPDesc
                0x08009afe      0x1d0 ./Middlewares/ST/STM32_USB_Host_Library/Core/Src/usbh_ctlreq.o
 .text.USBH_ParseStringDesc
                0x08009cce       0x66 ./Middlewares/ST/STM32_USB_Host_Library/Core/Src/usbh_ctlreq.o
 .text.USBH_GetNextDesc
                0x08009d34       0x34 ./Middlewares/ST/STM32_USB_Host_Library/Core/Src/usbh_ctlreq.o
                0x08009d34                USBH_GetNextDesc
 .text.USBH_CtlReq
                0x08009d68       0x92 ./Middlewares/ST/STM32_USB_Host_Library/Core/Src/usbh_ctlreq.o
                0x08009d68                USBH_CtlReq
 *fill*         0x08009dfa        0x2 
 .text.USBH_HandleControl
                0x08009dfc      0x3a0 ./Middlewares/ST/STM32_USB_Host_Library/Core/Src/usbh_ctlreq.o
 .text.USBH_CtlSendSetup
                0x0800a19c       0x34 ./Middlewares/ST/STM32_USB_Host_Library/Core/Src/usbh_ioreq.o
                0x0800a19c                USBH_CtlSendSetup
 .text.USBH_CtlSendData
                0x0800a1d0       0x4a ./Middlewares/ST/STM32_USB_Host_Library/Core/Src/usbh_ioreq.o
                0x0800a1d0                USBH_CtlSendData
 .text.USBH_CtlReceiveData
                0x0800a21a       0x3c ./Middlewares/ST/STM32_USB_Host_Library/Core/Src/usbh_ioreq.o
                0x0800a21a                USBH_CtlReceiveData
 .text.USBH_BulkSendData
                0x0800a256       0x4a ./Middlewares/ST/STM32_USB_Host_Library/Core/Src/usbh_ioreq.o
                0x0800a256                USBH_BulkSendData
 .text.USBH_BulkReceiveData
                0x0800a2a0       0x3c ./Middlewares/ST/STM32_USB_Host_Library/Core/Src/usbh_ioreq.o
                0x0800a2a0                USBH_BulkReceiveData
 .text.USBH_OpenPipe
                0x0800a2dc       0x3e ./Middlewares/ST/STM32_USB_Host_Library/Core/Src/usbh_pipes.o
                0x0800a2dc                USBH_OpenPipe
 .text.USBH_ClosePipe
                0x0800a31a       0x20 ./Middlewares/ST/STM32_USB_Host_Library/Core/Src/usbh_pipes.o
                0x0800a31a                USBH_ClosePipe
 .text.USBH_AllocPipe
                0x0800a33a       0x42 ./Middlewares/ST/STM32_USB_Host_Library/Core/Src/usbh_pipes.o
                0x0800a33a                USBH_AllocPipe
 .text.USBH_FreePipe
                0x0800a37c       0x3c ./Middlewares/ST/STM32_USB_Host_Library/Core/Src/usbh_pipes.o
                0x0800a37c                USBH_FreePipe
 .text.USBH_GetFreePipe
                0x0800a3b8       0x48 ./Middlewares/ST/STM32_USB_Host_Library/Core/Src/usbh_pipes.o
 .text.__NVIC_SetPriority
                0x0800a400       0x54 ./Middlewares/Third_Party/FreeRTOS/Source/CMSIS_RTOS_V2/cmsis_os2.o
 .text.SysTick_Handler
                0x0800a454       0x20 ./Middlewares/Third_Party/FreeRTOS/Source/CMSIS_RTOS_V2/cmsis_os2.o
                0x0800a454                SysTick_Handler
 .text.SVC_Setup
                0x0800a474       0x12 ./Middlewares/Third_Party/FreeRTOS/Source/CMSIS_RTOS_V2/cmsis_os2.o
 *fill*         0x0800a486        0x2 
 .text.osKernelInitialize
                0x0800a488       0x48 ./Middlewares/Third_Party/FreeRTOS/Source/CMSIS_RTOS_V2/cmsis_os2.o
                0x0800a488                osKernelInitialize
 .text.osKernelStart
                0x0800a4d0       0x4c ./Middlewares/Third_Party/FreeRTOS/Source/CMSIS_RTOS_V2/cmsis_os2.o
                0x0800a4d0                osKernelStart
 .text.osThreadNew
                0x0800a51c      0x124 ./Middlewares/Third_Party/FreeRTOS/Source/CMSIS_RTOS_V2/cmsis_os2.o
                0x0800a51c                osThreadNew
 .text.osDelay  0x0800a640       0x36 ./Middlewares/Third_Party/FreeRTOS/Source/CMSIS_RTOS_V2/cmsis_os2.o
                0x0800a640                osDelay
 .text.osMutexNew
                0x0800a676      0x10c ./Middlewares/Third_Party/FreeRTOS/Source/CMSIS_RTOS_V2/cmsis_os2.o
                0x0800a676                osMutexNew
 .text.osMutexAcquire
                0x0800a782       0x96 ./Middlewares/Third_Party/FreeRTOS/Source/CMSIS_RTOS_V2/cmsis_os2.o
                0x0800a782                osMutexAcquire
 .text.osMutexRelease
                0x0800a818       0x7a ./Middlewares/Third_Party/FreeRTOS/Source/CMSIS_RTOS_V2/cmsis_os2.o
                0x0800a818                osMutexRelease
 .text.osMessageQueueNew
                0x0800a892       0xe6 ./Middlewares/Third_Party/FreeRTOS/Source/CMSIS_RTOS_V2/cmsis_os2.o
                0x0800a892                osMessageQueueNew
 .text.osMessageQueuePut
                0x0800a978       0xc0 ./Middlewares/Third_Party/FreeRTOS/Source/CMSIS_RTOS_V2/cmsis_os2.o
                0x0800a978                osMessageQueuePut
 .text.osMessageQueueGet
                0x0800aa38       0xbc ./Middlewares/Third_Party/FreeRTOS/Source/CMSIS_RTOS_V2/cmsis_os2.o
                0x0800aa38                osMessageQueueGet
 .text.osMessageQueueGetSpace
                0x0800aaf4       0x6a ./Middlewares/Third_Party/FreeRTOS/Source/CMSIS_RTOS_V2/cmsis_os2.o
                0x0800aaf4                osMessageQueueGetSpace
 *fill*         0x0800ab5e        0x2 
 .text.vApplicationGetIdleTaskMemory
                0x0800ab60       0x34 ./Middlewares/Third_Party/FreeRTOS/Source/CMSIS_RTOS_V2/cmsis_os2.o
                0x0800ab60                vApplicationGetIdleTaskMemory
 .text.vApplicationGetTimerTaskMemory
                0x0800ab94       0x34 ./Middlewares/Third_Party/FreeRTOS/Source/CMSIS_RTOS_V2/cmsis_os2.o
                0x0800ab94                vApplicationGetTimerTaskMemory
 .text.vListInitialise
                0x0800abc8       0x40 ./Middlewares/Third_Party/FreeRTOS/Source/list.o
                0x0800abc8                vListInitialise
 .text.vListInitialiseItem
                0x0800ac08       0x1a ./Middlewares/Third_Party/FreeRTOS/Source/list.o
                0x0800ac08                vListInitialiseItem
 .text.vListInsertEnd
                0x0800ac22       0x48 ./Middlewares/Third_Party/FreeRTOS/Source/list.o
                0x0800ac22                vListInsertEnd
 .text.vListInsert
                0x0800ac6a       0x72 ./Middlewares/Third_Party/FreeRTOS/Source/list.o
                0x0800ac6a                vListInsert
 .text.uxListRemove
                0x0800acdc       0x54 ./Middlewares/Third_Party/FreeRTOS/Source/list.o
                0x0800acdc                uxListRemove
 .text.xQueueGenericReset
                0x0800ad30       0xd4 ./Middlewares/Third_Party/FreeRTOS/Source/queue.o
                0x0800ad30                xQueueGenericReset
 .text.xQueueGenericCreateStatic
                0x0800ae04       0xfa ./Middlewares/Third_Party/FreeRTOS/Source/queue.o
                0x0800ae04                xQueueGenericCreateStatic
 .text.xQueueGenericCreate
                0x0800aefe       0x76 ./Middlewares/Third_Party/FreeRTOS/Source/queue.o
                0x0800aefe                xQueueGenericCreate
 .text.prvInitialiseNewQueue
                0x0800af74       0x46 ./Middlewares/Third_Party/FreeRTOS/Source/queue.o
 .text.prvInitialiseMutex
                0x0800afba       0x34 ./Middlewares/Third_Party/FreeRTOS/Source/queue.o
 .text.xQueueCreateMutex
                0x0800afee       0x30 ./Middlewares/Third_Party/FreeRTOS/Source/queue.o
                0x0800afee                xQueueCreateMutex
 .text.xQueueCreateMutexStatic
                0x0800b01e       0x36 ./Middlewares/Third_Party/FreeRTOS/Source/queue.o
                0x0800b01e                xQueueCreateMutexStatic
 .text.xQueueGiveMutexRecursive
                0x0800b054       0x6a ./Middlewares/Third_Party/FreeRTOS/Source/queue.o
                0x0800b054                xQueueGiveMutexRecursive
 .text.xQueueTakeMutexRecursive
                0x0800b0be       0x6e ./Middlewares/Third_Party/FreeRTOS/Source/queue.o
                0x0800b0be                xQueueTakeMutexRecursive
 .text.xQueueGenericSend
                0x0800b12c      0x204 ./Middlewares/Third_Party/FreeRTOS/Source/queue.o
                0x0800b12c                xQueueGenericSend
 .text.xQueueGenericSendFromISR
                0x0800b330      0x13c ./Middlewares/Third_Party/FreeRTOS/Source/queue.o
                0x0800b330                xQueueGenericSendFromISR
 .text.xQueueReceive
                0x0800b46c      0x1c4 ./Middlewares/Third_Party/FreeRTOS/Source/queue.o
                0x0800b46c                xQueueReceive
 .text.xQueueSemaphoreTake
                0x0800b630      0x220 ./Middlewares/Third_Party/FreeRTOS/Source/queue.o
                0x0800b630                xQueueSemaphoreTake
 .text.xQueueReceiveFromISR
                0x0800b850      0x104 ./Middlewares/Third_Party/FreeRTOS/Source/queue.o
                0x0800b850                xQueueReceiveFromISR
 .text.uxQueueSpacesAvailable
                0x0800b954       0x48 ./Middlewares/Third_Party/FreeRTOS/Source/queue.o
                0x0800b954                uxQueueSpacesAvailable
 .text.prvGetDisinheritPriorityAfterTimeout
                0x0800b99c       0x30 ./Middlewares/Third_Party/FreeRTOS/Source/queue.o
 .text.prvCopyDataToQueue
                0x0800b9cc       0xd4 ./Middlewares/Third_Party/FreeRTOS/Source/queue.o
 .text.prvCopyDataFromQueue
                0x0800baa0       0x4c ./Middlewares/Third_Party/FreeRTOS/Source/queue.o
 .text.prvUnlockQueue
                0x0800baec       0xa4 ./Middlewares/Third_Party/FreeRTOS/Source/queue.o
 .text.prvIsQueueEmpty
                0x0800bb90       0x2c ./Middlewares/Third_Party/FreeRTOS/Source/queue.o
 .text.prvIsQueueFull
                0x0800bbbc       0x30 ./Middlewares/Third_Party/FreeRTOS/Source/queue.o
 .text.vQueueAddToRegistry
                0x0800bbec       0x54 ./Middlewares/Third_Party/FreeRTOS/Source/queue.o
                0x0800bbec                vQueueAddToRegistry
 .text.vQueueWaitForMessageRestricted
                0x0800bc40       0x68 ./Middlewares/Third_Party/FreeRTOS/Source/queue.o
                0x0800bc40                vQueueWaitForMessageRestricted
 .text.xTaskCreateStatic
                0x0800bca8       0xc0 ./Middlewares/Third_Party/FreeRTOS/Source/tasks.o
                0x0800bca8                xTaskCreateStatic
 .text.xTaskCreate
                0x0800bd68       0x8a ./Middlewares/Third_Party/FreeRTOS/Source/tasks.o
                0x0800bd68                xTaskCreate
 *fill*         0x0800bdf2        0x2 
 .text.prvInitialiseNewTask
                0x0800bdf4      0x150 ./Middlewares/Third_Party/FreeRTOS/Source/tasks.o
 .text.prvAddNewTaskToReadyList
                0x0800bf44       0xe0 ./Middlewares/Third_Party/FreeRTOS/Source/tasks.o
 .text.vTaskDelay
                0x0800c024       0x6c ./Middlewares/Third_Party/FreeRTOS/Source/tasks.o
                0x0800c024                vTaskDelay
 .text.vTaskStartScheduler
                0x0800c090       0xe0 ./Middlewares/Third_Party/FreeRTOS/Source/tasks.o
                0x0800c090                vTaskStartScheduler
 .text.vTaskSuspendAll
                0x0800c170       0x1c ./Middlewares/Third_Party/FreeRTOS/Source/tasks.o
                0x0800c170                vTaskSuspendAll
 .text.xTaskResumeAll
                0x0800c18c      0x13c ./Middlewares/Third_Party/FreeRTOS/Source/tasks.o
                0x0800c18c                xTaskResumeAll
 .text.xTaskGetTickCount
                0x0800c2c8       0x20 ./Middlewares/Third_Party/FreeRTOS/Source/tasks.o
                0x0800c2c8                xTaskGetTickCount
 .text.xTaskIncrementTick
                0x0800c2e8      0x174 ./Middlewares/Third_Party/FreeRTOS/Source/tasks.o
                0x0800c2e8                xTaskIncrementTick
 .text.vTaskSwitchContext
                0x0800c45c       0xcc ./Middlewares/Third_Party/FreeRTOS/Source/tasks.o
                0x0800c45c                vTaskSwitchContext
 .text.vTaskPlaceOnEventList
                0x0800c528       0x4c ./Middlewares/Third_Party/FreeRTOS/Source/tasks.o
                0x0800c528                vTaskPlaceOnEventList
 .text.vTaskPlaceOnEventListRestricted
                0x0800c574       0x58 ./Middlewares/Third_Party/FreeRTOS/Source/tasks.o
                0x0800c574                vTaskPlaceOnEventListRestricted
 .text.xTaskRemoveFromEventList
                0x0800c5cc       0xc8 ./Middlewares/Third_Party/FreeRTOS/Source/tasks.o
                0x0800c5cc                xTaskRemoveFromEventList
 .text.vTaskInternalSetTimeOutState
                0x0800c694       0x2c ./Middlewares/Third_Party/FreeRTOS/Source/tasks.o
                0x0800c694                vTaskInternalSetTimeOutState
 .text.xTaskCheckForTimeOut
                0x0800c6c0       0xc8 ./Middlewares/Third_Party/FreeRTOS/Source/tasks.o
                0x0800c6c0                xTaskCheckForTimeOut
 .text.vTaskMissedYield
                0x0800c788       0x18 ./Middlewares/Third_Party/FreeRTOS/Source/tasks.o
                0x0800c788                vTaskMissedYield
 .text.prvIdleTask
                0x0800c7a0       0x30 ./Middlewares/Third_Party/FreeRTOS/Source/tasks.o
 .text.prvInitialiseTaskLists
                0x0800c7d0       0x80 ./Middlewares/Third_Party/FreeRTOS/Source/tasks.o
 .text.prvCheckTasksWaitingTermination
                0x0800c850       0x5c ./Middlewares/Third_Party/FreeRTOS/Source/tasks.o
 .text.prvDeleteTCB
                0x0800c8ac       0x6a ./Middlewares/Third_Party/FreeRTOS/Source/tasks.o
 *fill*         0x0800c916        0x2 
 .text.prvResetNextTaskUnblockTime
                0x0800c918       0x40 ./Middlewares/Third_Party/FreeRTOS/Source/tasks.o
 .text.xTaskGetCurrentTaskHandle
                0x0800c958       0x20 ./Middlewares/Third_Party/FreeRTOS/Source/tasks.o
                0x0800c958                xTaskGetCurrentTaskHandle
 .text.xTaskGetSchedulerState
                0x0800c978       0x3c ./Middlewares/Third_Party/FreeRTOS/Source/tasks.o
                0x0800c978                xTaskGetSchedulerState
 .text.xTaskPriorityInherit
                0x0800c9b4       0xd0 ./Middlewares/Third_Party/FreeRTOS/Source/tasks.o
                0x0800c9b4                xTaskPriorityInherit
 .text.xTaskPriorityDisinherit
                0x0800ca84       0xe0 ./Middlewares/Third_Party/FreeRTOS/Source/tasks.o
                0x0800ca84                xTaskPriorityDisinherit
 .text.vTaskPriorityDisinheritAfterTimeout
                0x0800cb64      0x108 ./Middlewares/Third_Party/FreeRTOS/Source/tasks.o
                0x0800cb64                vTaskPriorityDisinheritAfterTimeout
 .text.pvTaskIncrementMutexHeldCount
                0x0800cc6c       0x28 ./Middlewares/Third_Party/FreeRTOS/Source/tasks.o
                0x0800cc6c                pvTaskIncrementMutexHeldCount
 .text.prvAddCurrentTaskToDelayedList
                0x0800cc94       0xa8 ./Middlewares/Third_Party/FreeRTOS/Source/tasks.o
 .text.xTimerCreateTimerTask
                0x0800cd3c       0x94 ./Middlewares/Third_Party/FreeRTOS/Source/timers.o
                0x0800cd3c                xTimerCreateTimerTask
 .text.xTimerGenericCommand
                0x0800cdd0       0x9c ./Middlewares/Third_Party/FreeRTOS/Source/timers.o
                0x0800cdd0                xTimerGenericCommand
 .text.prvProcessExpiredTimer
                0x0800ce6c       0x9c ./Middlewares/Third_Party/FreeRTOS/Source/timers.o
 .text.prvTimerTask
                0x0800cf08       0x26 ./Middlewares/Third_Party/FreeRTOS/Source/timers.o
 *fill*         0x0800cf2e        0x2 
 .text.prvProcessTimerOrBlockTask
                0x0800cf30       0x9c ./Middlewares/Third_Party/FreeRTOS/Source/timers.o
 .text.prvGetNextExpireTime
                0x0800cfcc       0x48 ./Middlewares/Third_Party/FreeRTOS/Source/timers.o
 .text.prvSampleTimeNow
                0x0800d014       0x40 ./Middlewares/Third_Party/FreeRTOS/Source/timers.o
 .text.prvInsertTimerInActiveList
                0x0800d054       0x84 ./Middlewares/Third_Party/FreeRTOS/Source/timers.o
 .text.prvProcessReceivedCommands
                0x0800d0d8      0x1cc ./Middlewares/Third_Party/FreeRTOS/Source/timers.o
 .text.prvSwitchTimerLists
                0x0800d2a4       0xcc ./Middlewares/Third_Party/FreeRTOS/Source/timers.o
 .text.prvCheckForValidListAndQueue
                0x0800d370       0x80 ./Middlewares/Third_Party/FreeRTOS/Source/timers.o
 .text.pxPortInitialiseStack
                0x0800d3f0       0x68 ./Middlewares/Third_Party/FreeRTOS/Source/portable/GCC/ARM_CM4F/port.o
                0x0800d3f0                pxPortInitialiseStack
 .text.prvTaskExitError
                0x0800d458       0x5c ./Middlewares/Third_Party/FreeRTOS/Source/portable/GCC/ARM_CM4F/port.o
 *fill*         0x0800d4b4        0xc 
 .text.SVC_Handler
                0x0800d4c0       0x28 ./Middlewares/Third_Party/FreeRTOS/Source/portable/GCC/ARM_CM4F/port.o
                0x0800d4c0                SVC_Handler
 .text.prvPortStartFirstTask
                0x0800d4e8       0x28 ./Middlewares/Third_Party/FreeRTOS/Source/portable/GCC/ARM_CM4F/port.o
 .text.xPortStartScheduler
                0x0800d510      0x148 ./Middlewares/Third_Party/FreeRTOS/Source/portable/GCC/ARM_CM4F/port.o
                0x0800d510                xPortStartScheduler
 .text.vPortEnterCritical
                0x0800d658       0x64 ./Middlewares/Third_Party/FreeRTOS/Source/portable/GCC/ARM_CM4F/port.o
                0x0800d658                vPortEnterCritical
 .text.vPortExitCritical
                0x0800d6bc       0x54 ./Middlewares/Third_Party/FreeRTOS/Source/portable/GCC/ARM_CM4F/port.o
                0x0800d6bc                vPortExitCritical
 .text.PendSV_Handler
                0x0800d710       0x68 ./Middlewares/Third_Party/FreeRTOS/Source/portable/GCC/ARM_CM4F/port.o
                0x0800d710                PendSV_Handler
 .text.xPortSysTickHandler
                0x0800d778       0x44 ./Middlewares/Third_Party/FreeRTOS/Source/portable/GCC/ARM_CM4F/port.o
                0x0800d778                xPortSysTickHandler
 .text.vPortSetupTimerInterrupt
                0x0800d7bc       0x48 ./Middlewares/Third_Party/FreeRTOS/Source/portable/GCC/ARM_CM4F/port.o
                0x0800d7bc                vPortSetupTimerInterrupt
 .text.vPortEnableVFP
                0x0800d804       0x14 ./Middlewares/Third_Party/FreeRTOS/Source/portable/GCC/ARM_CM4F/port.o
 .text.vPortValidateInterruptPriority
                0x0800d818       0x84 ./Middlewares/Third_Party/FreeRTOS/Source/portable/GCC/ARM_CM4F/port.o
                0x0800d818                vPortValidateInterruptPriority
 .text.pvPortMalloc
                0x0800d89c      0x19c ./Middlewares/Third_Party/FreeRTOS/Source/portable/MemMang/heap_4.o
                0x0800d89c                pvPortMalloc
 .text.vPortFree
                0x0800da38       0xc8 ./Middlewares/Third_Party/FreeRTOS/Source/portable/MemMang/heap_4.o
                0x0800da38                vPortFree
 .text.prvHeapInit
                0x0800db00       0xc4 ./Middlewares/Third_Party/FreeRTOS/Source/portable/MemMang/heap_4.o
 .text.prvInsertBlockIntoFreeList
                0x0800dbc4       0xb4 ./Middlewares/Third_Party/FreeRTOS/Source/portable/MemMang/heap_4.o
 .text.MX_USB_HOST_Init
                0x0800dc78       0x4c ./USB_HOST/App/usb_host.o
                0x0800dc78                MX_USB_HOST_Init
 .text.USBH_UserProcess
                0x0800dcc4       0x5c ./USB_HOST/App/usb_host.o
 .text.HAL_HCD_MspInit
                0x0800dd20       0xc4 ./USB_HOST/Target/usbh_conf.o
                0x0800dd20                HAL_HCD_MspInit
 .text.HAL_HCD_SOF_Callback
                0x0800dde4       0x1c ./USB_HOST/Target/usbh_conf.o
                0x0800dde4                HAL_HCD_SOF_Callback
 .text.HAL_HCD_Connect_Callback
                0x0800de00       0x1c ./USB_HOST/Target/usbh_conf.o
                0x0800de00                HAL_HCD_Connect_Callback
 .text.HAL_HCD_Disconnect_Callback
                0x0800de1c       0x1c ./USB_HOST/Target/usbh_conf.o
                0x0800de1c                HAL_HCD_Disconnect_Callback
 .text.HAL_HCD_HC_NotifyURBChange_Callback
                0x0800de38       0x24 ./USB_HOST/Target/usbh_conf.o
                0x0800de38                HAL_HCD_HC_NotifyURBChange_Callback
 .text.HAL_HCD_PortEnabled_Callback
                0x0800de5c       0x1c ./USB_HOST/Target/usbh_conf.o
                0x0800de5c                HAL_HCD_PortEnabled_Callback
 .text.HAL_HCD_PortDisabled_Callback
                0x0800de78       0x1c ./USB_HOST/Target/usbh_conf.o
                0x0800de78                HAL_HCD_PortDisabled_Callback
 .text.USBH_LL_Init
                0x0800de94       0x78 ./USB_HOST/Target/usbh_conf.o
                0x0800de94                USBH_LL_Init
 .text.USBH_LL_Start
                0x0800df0c       0x36 ./USB_HOST/Target/usbh_conf.o
                0x0800df0c                USBH_LL_Start
 .text.USBH_LL_Stop
                0x0800df42       0x36 ./USB_HOST/Target/usbh_conf.o
                0x0800df42                USBH_LL_Stop
 .text.USBH_LL_GetSpeed
                0x0800df78       0x4e ./USB_HOST/Target/usbh_conf.o
                0x0800df78                USBH_LL_GetSpeed
 .text.USBH_LL_ResetPort
                0x0800dfc6       0x36 ./USB_HOST/Target/usbh_conf.o
                0x0800dfc6                USBH_LL_ResetPort
 .text.USBH_LL_GetLastXferSize
                0x0800dffc       0x26 ./USB_HOST/Target/usbh_conf.o
                0x0800dffc                USBH_LL_GetLastXferSize
 .text.USBH_LL_OpenPipe
                0x0800e022       0x5e ./USB_HOST/Target/usbh_conf.o
                0x0800e022                USBH_LL_OpenPipe
 .text.USBH_LL_ClosePipe
                0x0800e080       0x1a ./USB_HOST/Target/usbh_conf.o
                0x0800e080                USBH_LL_ClosePipe
 .text.USBH_LL_SubmitURB
                0x0800e09a       0x62 ./USB_HOST/Target/usbh_conf.o
                0x0800e09a                USBH_LL_SubmitURB
 .text.USBH_LL_GetURBState
                0x0800e0fc       0x26 ./USB_HOST/Target/usbh_conf.o
                0x0800e0fc                USBH_LL_GetURBState
 .text.USBH_LL_DriverVBUS
                0x0800e122       0x2e ./USB_HOST/Target/usbh_conf.o
                0x0800e122                USBH_LL_DriverVBUS
 .text.USBH_LL_SetToggle
                0x0800e150       0x66 ./USB_HOST/Target/usbh_conf.o
                0x0800e150                USBH_LL_SetToggle
 .text.USBH_Delay
                0x0800e1b6       0x16 ./USB_HOST/Target/usbh_conf.o
                0x0800e1b6                USBH_Delay
 .text.USBH_Get_USB_Status
                0x0800e1cc       0x58 ./USB_HOST/Target/usbh_conf.o
                0x0800e1cc                USBH_Get_USB_Status
 .text.MX_DriverVbusFS
                0x0800e224       0x38 ./USB_HOST/Target/usbh_platform.o
                0x0800e224                MX_DriverVbusFS
 .text.malloc   0x0800e25c       0x10 C:/ST/STM32CubeIDE_2.1.0/STM32CubeIDE/plugins/com.st.stm32cube.ide.mcu.externaltools.gnu-tools-for-stm32.14.3.rel1.win32_1.0.100.202602081740/tools/bin/../lib/gcc/arm-none-eabi/14.3.1/../../../../arm-none-eabi/lib/thumb/v7e-m+fp/hard\libc_nano.a(libc_a-malloc.o)
                0x0800e25c                malloc
 .text.free     0x0800e26c       0x10 C:/ST/STM32CubeIDE_2.1.0/STM32CubeIDE/plugins/com.st.stm32cube.ide.mcu.externaltools.gnu-tools-for-stm32.14.3.rel1.win32_1.0.100.202602081740/tools/bin/../lib/gcc/arm-none-eabi/14.3.1/../../../../arm-none-eabi/lib/thumb/v7e-m+fp/hard\libc_nano.a(libc_a-malloc.o)
                0x0800e26c                free
 .text.sbrk_aligned
                0x0800e27c       0x44 C:/ST/STM32CubeIDE_2.1.0/STM32CubeIDE/plugins/com.st.stm32cube.ide.mcu.externaltools.gnu-tools-for-stm32.14.3.rel1.win32_1.0.100.202602081740/tools/bin/../lib/gcc/arm-none-eabi/14.3.1/../../../../arm-none-eabi/lib/thumb/v7e-m+fp/hard\libc_nano.a(libc_a-mallocr.o)
 .text._malloc_r
                0x0800e2c0      0x100 C:/ST/STM32CubeIDE_2.1.0/STM32CubeIDE/plugins/com.st.stm32cube.ide.mcu.externaltools.gnu-tools-for-stm32.14.3.rel1.win32_1.0.100.202602081740/tools/bin/../lib/gcc/arm-none-eabi/14.3.1/../../../../arm-none-eabi/lib/thumb/v7e-m+fp/hard\libc_nano.a(libc_a-mallocr.o)
                0x0800e2c0                _malloc_r
 .text.__malloc_lock
                0x0800e3c0        0xc C:/ST/STM32CubeIDE_2.1.0/STM32CubeIDE/plugins/com.st.stm32cube.ide.mcu.externaltools.gnu-tools-for-stm32.14.3.rel1.win32_1.0.100.202602081740/tools/bin/../lib/gcc/arm-none-eabi/14.3.1/../../../../arm-none-eabi/lib/thumb/v7e-m+fp/hard\libc_nano.a(libc_a-mlock.o)
                0x0800e3c0                __malloc_lock
 .text.__malloc_unlock
                0x0800e3cc        0xc C:/ST/STM32CubeIDE_2.1.0/STM32CubeIDE/plugins/com.st.stm32cube.ide.mcu.externaltools.gnu-tools-for-stm32.14.3.rel1.win32_1.0.100.202602081740/tools/bin/../lib/gcc/arm-none-eabi/14.3.1/../../../../arm-none-eabi/lib/thumb/v7e-m+fp/hard\libc_nano.a(libc_a-mlock.o)
                0x0800e3cc                __malloc_unlock
 .text.std      0x0800e3d8       0x6c C:/ST/STM32CubeIDE_2.1.0/STM32CubeIDE/plugins/com.st.stm32cube.ide.mcu.externaltools.gnu-tools-for-stm32.14.3.rel1.win32_1.0.100.202602081740/tools/bin/../lib/gcc/arm-none-eabi/14.3.1/../../../../arm-none-eabi/lib/thumb/v7e-m+fp/hard\libc_nano.a(libc_a-findfp.o)
 .text.stdio_exit_handler
                0x0800e444       0x18 C:/ST/STM32CubeIDE_2.1.0/STM32CubeIDE/plugins/com.st.stm32cube.ide.mcu.externaltools.gnu-tools-for-stm32.14.3.rel1.win32_1.0.100.202602081740/tools/bin/../lib/gcc/arm-none-eabi/14.3.1/../../../../arm-none-eabi/lib/thumb/v7e-m+fp/hard\libc_nano.a(libc_a-findfp.o)
 .text.cleanup_stdio
                0x0800e45c       0x40 C:/ST/STM32CubeIDE_2.1.0/STM32CubeIDE/plugins/com.st.stm32cube.ide.mcu.externaltools.gnu-tools-for-stm32.14.3.rel1.win32_1.0.100.202602081740/tools/bin/../lib/gcc/arm-none-eabi/14.3.1/../../../../arm-none-eabi/lib/thumb/v7e-m+fp/hard\libc_nano.a(libc_a-findfp.o)
 .text.global_stdio_init.part.0
                0x0800e49c       0x40 C:/ST/STM32CubeIDE_2.1.0/STM32CubeIDE/plugins/com.st.stm32cube.ide.mcu.externaltools.gnu-tools-for-stm32.14.3.rel1.win32_1.0.100.202602081740/tools/bin/../lib/gcc/arm-none-eabi/14.3.1/../../../../arm-none-eabi/lib/thumb/v7e-m+fp/hard\libc_nano.a(libc_a-findfp.o)
 .text.__sfp_lock_acquire
                0x0800e4dc        0xc C:/ST/STM32CubeIDE_2.1.0/STM32CubeIDE/plugins/com.st.stm32cube.ide.mcu.externaltools.gnu-tools-for-stm32.14.3.rel1.win32_1.0.100.202602081740/tools/bin/../lib/gcc/arm-none-eabi/14.3.1/../../../../arm-none-eabi/lib/thumb/v7e-m+fp/hard\libc_nano.a(libc_a-findfp.o)
                0x0800e4dc                __sfp_lock_acquire
 .text.__sfp_lock_release
                0x0800e4e8        0xc C:/ST/STM32CubeIDE_2.1.0/STM32CubeIDE/plugins/com.st.stm32cube.ide.mcu.externaltools.gnu-tools-for-stm32.14.3.rel1.win32_1.0.100.202602081740/tools/bin/../lib/gcc/arm-none-eabi/14.3.1/../../../../arm-none-eabi/lib/thumb/v7e-m+fp/hard\libc_nano.a(libc_a-findfp.o)
                0x0800e4e8                __sfp_lock_release
 .text.__sinit  0x0800e4f4       0x30 C:/ST/STM32CubeIDE_2.1.0/STM32CubeIDE/plugins/com.st.stm32cube.ide.mcu.externaltools.gnu-tools-for-stm32.14.3.rel1.win32_1.0.100.202602081740/tools/bin/../lib/gcc/arm-none-eabi/14.3.1/../../../../arm-none-eabi/lib/thumb/v7e-m+fp/hard\libc_nano.a(libc_a-findfp.o)
                0x0800e4f4                __sinit
 .text._fwalk_sglue
                0x0800e524       0x3c C:/ST/STM32CubeIDE_2.1.0/STM32CubeIDE/plugins/com.st.stm32cube.ide.mcu.externaltools.gnu-tools-for-stm32.14.3.rel1.win32_1.0.100.202602081740/tools/bin/../lib/gcc/arm-none-eabi/14.3.1/../../../../arm-none-eabi/lib/thumb/v7e-m+fp/hard\libc_nano.a(libc_a-fwalk.o)
                0x0800e524                _fwalk_sglue
 .text.snprintf
                0x0800e560       0x6c C:/ST/STM32CubeIDE_2.1.0/STM32CubeIDE/plugins/com.st.stm32cube.ide.mcu.externaltools.gnu-tools-for-stm32.14.3.rel1.win32_1.0.100.202602081740/tools/bin/../lib/gcc/arm-none-eabi/14.3.1/../../../../arm-none-eabi/lib/thumb/v7e-m+fp/hard\libc_nano.a(libc_a-snprintf.o)
                0x0800e560                sniprintf
                0x0800e560                snprintf
 .text.__sread  0x0800e5cc       0x22 C:/ST/STM32CubeIDE_2.1.0/STM32CubeIDE/plugins/com.st.stm32cube.ide.mcu.externaltools.gnu-tools-for-stm32.14.3.rel1.win32_1.0.100.202602081740/tools/bin/../lib/gcc/arm-none-eabi/14.3.1/../../../../arm-none-eabi/lib/thumb/v7e-m+fp/hard\libc_nano.a(libc_a-stdio.o)
                0x0800e5cc                __sread
 .text.__swrite
                0x0800e5ee       0x38 C:/ST/STM32CubeIDE_2.1.0/STM32CubeIDE/plugins/com.st.stm32cube.ide.mcu.externaltools.gnu-tools-for-stm32.14.3.rel1.win32_1.0.100.202602081740/tools/bin/../lib/gcc/arm-none-eabi/14.3.1/../../../../arm-none-eabi/lib/thumb/v7e-m+fp/hard\libc_nano.a(libc_a-stdio.o)
                0x0800e5ee                __swrite
 .text.__sseek  0x0800e626       0x26 C:/ST/STM32CubeIDE_2.1.0/STM32CubeIDE/plugins/com.st.stm32cube.ide.mcu.externaltools.gnu-tools-for-stm32.14.3.rel1.win32_1.0.100.202602081740/tools/bin/../lib/gcc/arm-none-eabi/14.3.1/../../../../arm-none-eabi/lib/thumb/v7e-m+fp/hard\libc_nano.a(libc_a-stdio.o)
                0x0800e626                __sseek
 .text.__sclose
                0x0800e64c        0x8 C:/ST/STM32CubeIDE_2.1.0/STM32CubeIDE/plugins/com.st.stm32cube.ide.mcu.externaltools.gnu-tools-for-stm32.14.3.rel1.win32_1.0.100.202602081740/tools/bin/../lib/gcc/arm-none-eabi/14.3.1/../../../../arm-none-eabi/lib/thumb/v7e-m+fp/hard\libc_nano.a(libc_a-stdio.o)
                0x0800e64c                __sclose
 .text.memset   0x0800e654       0x10 C:/ST/STM32CubeIDE_2.1.0/STM32CubeIDE/plugins/com.st.stm32cube.ide.mcu.externaltools.gnu-tools-for-stm32.14.3.rel1.win32_1.0.100.202602081740/tools/bin/../lib/gcc/arm-none-eabi/14.3.1/../../../../arm-none-eabi/lib/thumb/v7e-m+fp/hard\libc_nano.a(libc_a-memset.o)
                0x0800e654                memset
 .text.strncpy  0x0800e664       0x26 C:/ST/STM32CubeIDE_2.1.0/STM32CubeIDE/plugins/com.st.stm32cube.ide.mcu.externaltools.gnu-tools-for-stm32.14.3.rel1.win32_1.0.100.202602081740/tools/bin/../lib/gcc/arm-none-eabi/14.3.1/../../../../arm-none-eabi/lib/thumb/v7e-m+fp/hard\libc_nano.a(libc_a-strncpy.o)
                0x0800e664                strncpy
 *fill*         0x0800e68a        0x2 
 .text.strtok   0x0800e68c       0x7c C:/ST/STM32CubeIDE_2.1.0/STM32CubeIDE/plugins/com.st.stm32cube.ide.mcu.externaltools.gnu-tools-for-stm32.14.3.rel1.win32_1.0.100.202602081740/tools/bin/../lib/gcc/arm-none-eabi/14.3.1/../../../../arm-none-eabi/lib/thumb/v7e-m+fp/hard\libc_nano.a(libc_a-strtok.o)
                0x0800e68c                strtok
 .text.__strtok_r
                0x0800e708       0x50 C:/ST/STM32CubeIDE_2.1.0/STM32CubeIDE/plugins/com.st.stm32cube.ide.mcu.externaltools.gnu-tools-for-stm32.14.3.rel1.win32_1.0.100.202602081740/tools/bin/../lib/gcc/arm-none-eabi/14.3.1/../../../../arm-none-eabi/lib/thumb/v7e-m+fp/hard\libc_nano.a(libc_a-strtok_r.o)
                0x0800e708                __strtok_r
 .text.strstr   0x0800e758       0x2c C:/ST/STM32CubeIDE_2.1.0/STM32CubeIDE/plugins/com.st.stm32cube.ide.mcu.externaltools.gnu-tools-for-stm32.14.3.rel1.win32_1.0.100.202602081740/tools/bin/../lib/gcc/arm-none-eabi/14.3.1/../../../../arm-none-eabi/lib/thumb/v7e-m+fp/hard\libc_nano.a(libc_a-strstr.o)
                0x0800e758                strstr
 .text._close_r
                0x0800e784       0x20 C:/ST/STM32CubeIDE_2.1.0/STM32CubeIDE/plugins/com.st.stm32cube.ide.mcu.externaltools.gnu-tools-for-stm32.14.3.rel1.win32_1.0.100.202602081740/tools/bin/../lib/gcc/arm-none-eabi/14.3.1/../../../../arm-none-eabi/lib/thumb/v7e-m+fp/hard\libc_nano.a(libc_a-closer.o)
                0x0800e784                _close_r
 .text._reclaim_reent
                0x0800e7a4       0xbc C:/ST/STM32CubeIDE_2.1.0/STM32CubeIDE/plugins/com.st.stm32cube.ide.mcu.externaltools.gnu-tools-for-stm32.14.3.rel1.win32_1.0.100.202602081740/tools/bin/../lib/gcc/arm-none-eabi/14.3.1/../../../../arm-none-eabi/lib/thumb/v7e-m+fp/hard\libc_nano.a(libc_a-reent.o)
                0x0800e7a4                _reclaim_reent
 .text._lseek_r
                0x0800e860       0x24 C:/ST/STM32CubeIDE_2.1.0/STM32CubeIDE/plugins/com.st.stm32cube.ide.mcu.externaltools.gnu-tools-for-stm32.14.3.rel1.win32_1.0.100.202602081740/tools/bin/../lib/gcc/arm-none-eabi/14.3.1/../../../../arm-none-eabi/lib/thumb/v7e-m+fp/hard\libc_nano.a(libc_a-lseekr.o)
                0x0800e860                _lseek_r
 .text._read_r  0x0800e884       0x24 C:/ST/STM32CubeIDE_2.1.0/STM32CubeIDE/plugins/com.st.stm32cube.ide.mcu.externaltools.gnu-tools-for-stm32.14.3.rel1.win32_1.0.100.202602081740/tools/bin/../lib/gcc/arm-none-eabi/14.3.1/../../../../arm-none-eabi/lib/thumb/v7e-m+fp/hard\libc_nano.a(libc_a-readr.o)
                0x0800e884                _read_r
 .text._sbrk_r  0x0800e8a8       0x20 C:/ST/STM32CubeIDE_2.1.0/STM32CubeIDE/plugins/com.st.stm32cube.ide.mcu.externaltools.gnu-tools-for-stm32.14.3.rel1.win32_1.0.100.202602081740/tools/bin/../lib/gcc/arm-none-eabi/14.3.1/../../../../arm-none-eabi/lib/thumb/v7e-m+fp/hard\libc_nano.a(libc_a-sbrkr.o)
                0x0800e8a8                _sbrk_r
 .text._write_r
                0x0800e8c8       0x24 C:/ST/STM32CubeIDE_2.1.0/STM32CubeIDE/plugins/com.st.stm32cube.ide.mcu.externaltools.gnu-tools-for-stm32.14.3.rel1.win32_1.0.100.202602081740/tools/bin/../lib/gcc/arm-none-eabi/14.3.1/../../../../arm-none-eabi/lib/thumb/v7e-m+fp/hard\libc_nano.a(libc_a-writer.o)
                0x0800e8c8                _write_r
 .text.__errno  0x0800e8ec        0xc C:/ST/STM32CubeIDE_2.1.0/STM32CubeIDE/plugins/com.st.stm32cube.ide.mcu.externaltools.gnu-tools-for-stm32.14.3.rel1.win32_1.0.100.202602081740/tools/bin/../lib/gcc/arm-none-eabi/14.3.1/../../../../arm-none-eabi/lib/thumb/v7e-m+fp/hard\libc_nano.a(libc_a-errno.o)
                0x0800e8ec                __errno
 .text.__libc_init_array
                0x0800e8f8       0x48 C:/ST/STM32CubeIDE_2.1.0/STM32CubeIDE/plugins/com.st.stm32cube.ide.mcu.externaltools.gnu-tools-for-stm32.14.3.rel1.win32_1.0.100.202602081740/tools/bin/../lib/gcc/arm-none-eabi/14.3.1/../../../../arm-none-eabi/lib/thumb/v7e-m+fp/hard\libc_nano.a(libc_a-init.o)
                0x0800e8f8                __libc_init_array
 .text.__retarget_lock_init_recursive
                0x0800e940        0x2 C:/ST/STM32CubeIDE_2.1.0/STM32CubeIDE/plugins/com.st.stm32cube.ide.mcu.externaltools.gnu-tools-for-stm32.14.3.rel1.win32_1.0.100.202602081740/tools/bin/../lib/gcc/arm-none-eabi/14.3.1/../../../../arm-none-eabi/lib/thumb/v7e-m+fp/hard\libc_nano.a(libc_a-lock.o)
                0x0800e940                __retarget_lock_init_recursive
 .text.__retarget_lock_acquire_recursive
                0x0800e942        0x2 C:/ST/STM32CubeIDE_2.1.0/STM32CubeIDE/plugins/com.st.stm32cube.ide.mcu.externaltools.gnu-tools-for-stm32.14.3.rel1.win32_1.0.100.202602081740/tools/bin/../lib/gcc/arm-none-eabi/14.3.1/../../../../arm-none-eabi/lib/thumb/v7e-m+fp/hard\libc_nano.a(libc_a-lock.o)
                0x0800e942                __retarget_lock_acquire_recursive
 .text.__retarget_lock_release_recursive
                0x0800e944        0x2 C:/ST/STM32CubeIDE_2.1.0/STM32CubeIDE/plugins/com.st.stm32cube.ide.mcu.externaltools.gnu-tools-for-stm32.14.3.rel1.win32_1.0.100.202602081740/tools/bin/../lib/gcc/arm-none-eabi/14.3.1/../../../../arm-none-eabi/lib/thumb/v7e-m+fp/hard\libc_nano.a(libc_a-lock.o)
                0x0800e944                __retarget_lock_release_recursive
 .text.memcpy   0x0800e946       0x1c C:/ST/STM32CubeIDE_2.1.0/STM32CubeIDE/plugins/com.st.stm32cube.ide.mcu.externaltools.gnu-tools-for-stm32.14.3.rel1.win32_1.0.100.202602081740/tools/bin/../lib/gcc/arm-none-eabi/14.3.1/../../../../arm-none-eabi/lib/thumb/v7e-m+fp/hard\libc_nano.a(libc_a-memcpy-stub.o)
                0x0800e946                memcpy
 *fill*         0x0800e962        0x2 
 .text.__assert_func
                0x0800e964       0x3c C:/ST/STM32CubeIDE_2.1.0/STM32CubeIDE/plugins/com.st.stm32cube.ide.mcu.externaltools.gnu-tools-for-stm32.14.3.rel1.win32_1.0.100.202602081740/tools/bin/../lib/gcc/arm-none-eabi/14.3.1/../../../../arm-none-eabi/lib/thumb/v7e-m+fp/hard\libc_nano.a(libc_a-assert.o)
                0x0800e964                __assert_func
 .text._free_r  0x0800e9a0       0x94 C:/ST/STM32CubeIDE_2.1.0/STM32CubeIDE/plugins/com.st.stm32cube.ide.mcu.externaltools.gnu-tools-for-stm32.14.3.rel1.win32_1.0.100.202602081740/tools/bin/../lib/gcc/arm-none-eabi/14.3.1/../../../../arm-none-eabi/lib/thumb/v7e-m+fp/hard\libc_nano.a(libc_a-freer.o)
                0x0800e9a0                _free_r
 .text.__ssputs_r
                0x0800ea34       0xc0 C:/ST/STM32CubeIDE_2.1.0/STM32CubeIDE/plugins/com.st.stm32cube.ide.mcu.externaltools.gnu-tools-for-stm32.14.3.rel1.win32_1.0.100.202602081740/tools/bin/../lib/gcc/arm-none-eabi/14.3.1/../../../../arm-none-eabi/lib/thumb/v7e-m+fp/hard\libc_nano.a(libc_a-nano-svfprintf.o)
                0x0800ea34                __ssputs_r
 .text._svfprintf_r
                0x0800eaf4      0x1f0 C:/ST/STM32CubeIDE_2.1.0/STM32CubeIDE/plugins/com.st.stm32cube.ide.mcu.externaltools.gnu-tools-for-stm32.14.3.rel1.win32_1.0.100.202602081740/tools/bin/../lib/gcc/arm-none-eabi/14.3.1/../../../../arm-none-eabi/lib/thumb/v7e-m+fp/hard\libc_nano.a(libc_a-nano-svfprintf.o)
                0x0800eaf4                _svfiprintf_r
                0x0800eaf4                _svfprintf_r
 .text._printf_common
                0x0800ece4       0xda C:/ST/STM32CubeIDE_2.1.0/STM32CubeIDE/plugins/com.st.stm32cube.ide.mcu.externaltools.gnu-tools-for-stm32.14.3.rel1.win32_1.0.100.202602081740/tools/bin/../lib/gcc/arm-none-eabi/14.3.1/../../../../arm-none-eabi/lib/thumb/v7e-m+fp/hard\libc_nano.a(libc_a-nano-vfprintf_i.o)
                0x0800ece4                _printf_common
 *fill*         0x0800edbe        0x2 
 .text._printf_i
                0x0800edc0      0x24c C:/ST/STM32CubeIDE_2.1.0/STM32CubeIDE/plugins/com.st.stm32cube.ide.mcu.externaltools.gnu-tools-for-stm32.14.3.rel1.win32_1.0.100.202602081740/tools/bin/../lib/gcc/arm-none-eabi/14.3.1/../../../../arm-none-eabi/lib/thumb/v7e-m+fp/hard\libc_nano.a(libc_a-nano-vfprintf_i.o)
                0x0800edc0                _printf_i
 .text.__sflush_r
                0x0800f00c      0x104 C:/ST/STM32CubeIDE_2.1.0/STM32CubeIDE/plugins/com.st.stm32cube.ide.mcu.externaltools.gnu-tools-for-stm32.14.3.rel1.win32_1.0.100.202602081740/tools/bin/../lib/gcc/arm-none-eabi/14.3.1/../../../../arm-none-eabi/lib/thumb/v7e-m+fp/hard\libc_nano.a(libc_a-fflush.o)
                0x0800f00c                __sflush_r
 .text._fflush_r
                0x0800f110       0x50 C:/ST/STM32CubeIDE_2.1.0/STM32CubeIDE/plugins/com.st.stm32cube.ide.mcu.externaltools.gnu-tools-for-stm32.14.3.rel1.win32_1.0.100.202602081740/tools/bin/../lib/gcc/arm-none-eabi/14.3.1/../../../../arm-none-eabi/lib/thumb/v7e-m+fp/hard\libc_nano.a(libc_a-fflush.o)
                0x0800f110                _fflush_r
 .text.fprintf  0x0800f160       0x24 C:/ST/STM32CubeIDE_2.1.0/STM32CubeIDE/plugins/com.st.stm32cube.ide.mcu.externaltools.gnu-tools-for-stm32.14.3.rel1.win32_1.0.100.202602081740/tools/bin/../lib/gcc/arm-none-eabi/14.3.1/../../../../arm-none-eabi/lib/thumb/v7e-m+fp/hard\libc_nano.a(libc_a-fprintf.o)
                0x0800f160                fiprintf
                0x0800f160                fprintf
 .text.memmove  0x0800f184       0x32 C:/ST/STM32CubeIDE_2.1.0/STM32CubeIDE/plugins/com.st.stm32cube.ide.mcu.externaltools.gnu-tools-for-stm32.14.3.rel1.win32_1.0.100.202602081740/tools/bin/../lib/gcc/arm-none-eabi/14.3.1/../../../../arm-none-eabi/lib/thumb/v7e-m+fp/hard\libc_nano.a(libc_a-memmove.o)
                0x0800f184                memmove
 .text.abort    0x0800f1b6        0xe C:/ST/STM32CubeIDE_2.1.0/STM32CubeIDE/plugins/com.st.stm32cube.ide.mcu.externaltools.gnu-tools-for-stm32.14.3.rel1.win32_1.0.100.202602081740/tools/bin/../lib/gcc/arm-none-eabi/14.3.1/../../../../arm-none-eabi/lib/thumb/v7e-m+fp/hard\libc_nano.a(libc_a-abort.o)
                0x0800f1b6                abort
 .text._realloc_r
                0x0800f1c4       0x5c C:/ST/STM32CubeIDE_2.1.0/STM32CubeIDE/plugins/com.st.stm32cube.ide.mcu.externaltools.gnu-tools-for-stm32.14.3.rel1.win32_1.0.100.202602081740/tools/bin/../lib/gcc/arm-none-eabi/14.3.1/../../../../arm-none-eabi/lib/thumb/v7e-m+fp/hard\libc_nano.a(libc_a-reallocr.o)
                0x0800f1c4                _realloc_r
 .text.__sfputc_r
                0x0800f220       0x2e C:/ST/STM32CubeIDE_2.1.0/STM32CubeIDE/plugins/com.st.stm32cube.ide.mcu.externaltools.gnu-tools-for-stm32.14.3.rel1.win32_1.0.100.202602081740/tools/bin/../lib/gcc/arm-none-eabi/14.3.1/../../../../arm-none-eabi/lib/thumb/v7e-m+fp/hard\libc_nano.a(libc_a-nano-vfprintf.o)
 .text.__sfputs_r
                0x0800f24e       0x24 C:/ST/STM32CubeIDE_2.1.0/STM32CubeIDE/plugins/com.st.stm32cube.ide.mcu.externaltools.gnu-tools-for-stm32.14.3.rel1.win32_1.0.100.202602081740/tools/bin/../lib/gcc/arm-none-eabi/14.3.1/../../../../arm-none-eabi/lib/thumb/v7e-m+fp/hard\libc_nano.a(libc_a-nano-vfprintf.o)
                0x0800f24e                __sfputs_r
 *fill*         0x0800f272        0x2 
 .text._vfprintf_r
                0x0800f274      0x228 C:/ST/STM32CubeIDE_2.1.0/STM32CubeIDE/plugins/com.st.stm32cube.ide.mcu.externaltools.gnu-tools-for-stm32.14.3.rel1.win32_1.0.100.202602081740/tools/bin/../lib/gcc/arm-none-eabi/14.3.1/../../../../arm-none-eabi/lib/thumb/v7e-m+fp/hard\libc_nano.a(libc_a-nano-vfprintf.o)
                0x0800f274                _vfprintf_r
                0x0800f274                _vfiprintf_r
 .text.__swbuf_r
                0x0800f49c       0x7c C:/ST/STM32CubeIDE_2.1.0/STM32CubeIDE/plugins/com.st.stm32cube.ide.mcu.externaltools.gnu-tools-for-stm32.14.3.rel1.win32_1.0.100.202602081740/tools/bin/../lib/gcc/arm-none-eabi/14.3.1/../../../../arm-none-eabi/lib/thumb/v7e-m+fp/hard\libc_nano.a(libc_a-wbuf.o)
                0x0800f49c                __swbuf_r
 .text.__swsetup_r
                0x0800f518       0xa8 C:/ST/STM32CubeIDE_2.1.0/STM32CubeIDE/plugins/com.st.stm32cube.ide.mcu.externaltools.gnu-tools-for-stm32.14.3.rel1.win32_1.0.100.202602081740/tools/bin/../lib/gcc/arm-none-eabi/14.3.1/../../../../arm-none-eabi/lib/thumb/v7e-m+fp/hard\libc_nano.a(libc_a-wsetup.o)
                0x0800f518                __swsetup_r
 .text._raise_r
                0x0800f5c0       0x50 C:/ST/STM32CubeIDE_2.1.0/STM32CubeIDE/plugins/com.st.stm32cube.ide.mcu.externaltools.gnu-tools-for-stm32.14.3.rel1.win32_1.0.100.202602081740/tools/bin/../lib/gcc/arm-none-eabi/14.3.1/../../../../arm-none-eabi/lib/thumb/v7e-m+fp/hard\libc_nano.a(libc_a-signal.o)
                0x0800f5c0                _raise_r
 .text.raise    0x0800f610       0x10 C:/ST/STM32CubeIDE_2.1.0/STM32CubeIDE/plugins/com.st.stm32cube.ide.mcu.externaltools.gnu-tools-for-stm32.14.3.rel1.win32_1.0.100.202602081740/tools/bin/../lib/gcc/arm-none-eabi/14.3.1/../../../../arm-none-eabi/lib/thumb/v7e-m+fp/hard\libc_nano.a(libc_a-signal.o)
                0x0800f610                raise
 .text._kill_r  0x0800f620       0x24 C:/ST/STM32CubeIDE_2.1.0/STM32CubeIDE/plugins/com.st.stm32cube.ide.mcu.externaltools.gnu-tools-for-stm32.14.3.rel1.win32_1.0.100.202602081740/tools/bin/../lib/gcc/arm-none-eabi/14.3.1/../../../../arm-none-eabi/lib/thumb/v7e-m+fp/hard\libc_nano.a(libc_a-signalr.o)
                0x0800f620                _kill_r
 .text._getpid_r
                0x0800f644        0x4 C:/ST/STM32CubeIDE_2.1.0/STM32CubeIDE/plugins/com.st.stm32cube.ide.mcu.externaltools.gnu-tools-for-stm32.14.3.rel1.win32_1.0.100.202602081740/tools/bin/../lib/gcc/arm-none-eabi/14.3.1/../../../../arm-none-eabi/lib/thumb/v7e-m+fp/hard\libc_nano.a(libc_a-signalr.o)
                0x0800f644                _getpid_r
 .text._malloc_usable_size_r
                0x0800f648       0x10 C:/ST/STM32CubeIDE_2.1.0/STM32CubeIDE/plugins/com.st.stm32cube.ide.mcu.externaltools.gnu-tools-for-stm32.14.3.rel1.win32_1.0.100.202602081740/tools/bin/../lib/gcc/arm-none-eabi/14.3.1/../../../../arm-none-eabi/lib/thumb/v7e-m+fp/hard\libc_nano.a(libc_a-msizer.o)
                0x0800f648                _malloc_usable_size_r
 .text.__swhatbuf_r
                0x0800f658       0x48 C:/ST/STM32CubeIDE_2.1.0/STM32CubeIDE/plugins/com.st.stm32cube.ide.mcu.externaltools.gnu-tools-for-stm32.14.3.rel1.win32_1.0.100.202602081740/tools/bin/../lib/gcc/arm-none-eabi/14.3.1/../../../../arm-none-eabi/lib/thumb/v7e-m+fp/hard\libc_nano.a(libc_a-makebuf.o)
                0x0800f658                __swhatbuf_r
 .text.__smakebuf_r
                0x0800f6a0       0x72 C:/ST/STM32CubeIDE_2.1.0/STM32CubeIDE/plugins/com.st.stm32cube.ide.mcu.externaltools.gnu-tools-for-stm32.14.3.rel1.win32_1.0.100.202602081740/tools/bin/../lib/gcc/arm-none-eabi/14.3.1/../../../../arm-none-eabi/lib/thumb/v7e-m+fp/hard\libc_nano.a(libc_a-makebuf.o)
                0x0800f6a0                __smakebuf_r
 *fill*         0x0800f712        0x2 
 .text._fstat_r
                0x0800f714       0x24 C:/ST/STM32CubeIDE_2.1.0/STM32CubeIDE/plugins/com.st.stm32cube.ide.mcu.externaltools.gnu-tools-for-stm32.14.3.rel1.win32_1.0.100.202602081740/tools/bin/../lib/gcc/arm-none-eabi/14.3.1/../../../../arm-none-eabi/lib/thumb/v7e-m+fp/hard\libc_nano.a(libc_a-fstatr.o)
                0x0800f714                _fstat_r
 .text._isatty_r
                0x0800f738       0x20 C:/ST/STM32CubeIDE_2.1.0/STM32CubeIDE/plugins/com.st.stm32cube.ide.mcu.externaltools.gnu-tools-for-stm32.14.3.rel1.win32_1.0.100.202602081740/tools/bin/../lib/gcc/arm-none-eabi/14.3.1/../../../../arm-none-eabi/lib/thumb/v7e-m+fp/hard\libc_nano.a(libc_a-isattyr.o)
                0x0800f738                _isatty_r
 *(.glue_7)
 .glue_7        0x0800f758        0x0 linker stubs
 *(.glue_7t)
 .glue_7t       0x0800f758        0x0 linker stubs
 *(.eh_frame)
 .eh_frame      0x0800f758        0x0 C:/ST/STM32CubeIDE_2.1.0/STM32CubeIDE/plugins/com.st.stm32cube.ide.mcu.externaltools.gnu-tools-for-stm32.14.3.rel1.win32_1.0.100.202602081740/tools/bin/../lib/gcc/arm-none-eabi/14.3.1/thumb/v7e-m+fp/hard/crtbegin.o
 *(.init)
 .init          0x0800f758        0x4 C:/ST/STM32CubeIDE_2.1.0/STM32CubeIDE/plugins/com.st.stm32cube.ide.mcu.externaltools.gnu-tools-for-stm32.14.3.rel1.win32_1.0.100.202602081740/tools/bin/../lib/gcc/arm-none-eabi/14.3.1/thumb/v7e-m+fp/hard/crti.o
                0x0800f758                _init
 .init          0x0800f75c        0x8 C:/ST/STM32CubeIDE_2.1.0/STM32CubeIDE/plugins/com.st.stm32cube.ide.mcu.externaltools.gnu-tools-for-stm32.14.3.rel1.win32_1.0.100.202602081740/tools/bin/../lib/gcc/arm-none-eabi/14.3.1/thumb/v7e-m+fp/hard/crtn.o
 *(.fini)
 .fini          0x0800f764        0x4 C:/ST/STM32CubeIDE_2.1.0/STM32CubeIDE/plugins/com.st.stm32cube.ide.mcu.externaltools.gnu-tools-for-stm32.14.3.rel1.win32_1.0.100.202602081740/tools/bin/../lib/gcc/arm-none-eabi/14.3.1/thumb/v7e-m+fp/hard/crti.o
                0x0800f764                _fini
 .fini          0x0800f768        0x8 C:/ST/STM32CubeIDE_2.1.0/STM32CubeIDE/plugins/com.st.stm32cube.ide.mcu.externaltools.gnu-tools-for-stm32.14.3.rel1.win32_1.0.100.202602081740/tools/bin/../lib/gcc/arm-none-eabi/14.3.1/thumb/v7e-m+fp/hard/crtn.o
                0x0800f770                        . = ALIGN (0x4)
                0x0800f770                        _etext = .

.vfp11_veneer   0x0800f770        0x0
 .vfp11_veneer  0x0800f770        0x0 linker stubs

.v4_bx          0x0800f770        0x0
 .v4_bx         0x0800f770        0x0 linker stubs

.iplt           0x0800f770        0x0
 .iplt          0x0800f770        0x0 C:/ST/STM32CubeIDE_2.1.0/STM32CubeIDE/plugins/com.st.stm32cube.ide.mcu.externaltools.gnu-tools-for-stm32.14.3.rel1.win32_1.0.100.202602081740/tools/bin/../lib/gcc/arm-none-eabi/14.3.1/thumb/v7e-m+fp/hard/crtbegin.o

.rodata         0x0800f770      0x1f8
                0x0800f770                        . = ALIGN (0x4)
 *(.rodata)
 .rodata        0x0800f770       0x4d ./Core/Src/main.o
 *fill*         0x0800f7bd        0x3 
 .rodata        0x0800f7c0        0xa ./Drivers/drv_at_command/src/at_command.o
 *fill*         0x0800f7ca        0x2 
 .rodata        0x0800f7cc        0x4 ./Middlewares/ST/STM32_USB_Host_Library/Class/CDC/Src/usbh_cdc.o
 .rodata        0x0800f7d0        0xb ./Middlewares/ST/STM32_USB_Host_Library/Core/Src/usbh_core.o
 *fill*         0x0800f7db        0x1 
 .rodata        0x0800f7dc        0x5 ./Middlewares/Third_Party/FreeRTOS/Source/tasks.o
 *fill*         0x0800f7e1        0x3 
 .rodata        0x0800f7e4        0xd ./Middlewares/Third_Party/FreeRTOS/Source/timers.o
 *(.rodata*)
 *fill*         0x0800f7f1        0x3 
 .rodata.defaultTask_attributes
                0x0800f7f4       0x24 ./Core/Src/main.o
                0x0800f7f4                defaultTask_attributes
 .rodata.at_driver_mutex_attributes
                0x0800f818       0x10 ./Core/Src/main.o
                0x0800f818                at_driver_mutex_attributes
 .rodata.signalTask_attributes
                0x0800f828       0x24 ./Core/Src/main.o
                0x0800f828                signalTask_attributes
 .rodata.timeTask_attributes
                0x0800f84c       0x24 ./Core/Src/main.o
                0x0800f84c                timeTask_attributes
 .rodata.AHBPrescTable
                0x0800f870       0x10 ./Core/Src/system_stm32f4xx.o
                0x0800f870                AHBPrescTable
 .rodata.APBPrescTable
                0x0800f880        0x8 ./Core/Src/system_stm32f4xx.o
                0x0800f880                APBPrescTable
 .rodata.strtok.str1.1
                0x0800f888       0xe0 C:/ST/STM32CubeIDE_2.1.0/STM32CubeIDE/plugins/com.st.stm32cube.ide.mcu.externaltools.gnu-tools-for-stm32.14.3.rel1.win32_1.0.100.202602081740/tools/bin/../lib/gcc/arm-none-eabi/14.3.1/../../../../arm-none-eabi/lib/thumb/v7e-m+fp/hard\libc_nano.a(libc_a-strtok.o)
                                 0x71 (size before relaxing)
 .rodata.__assert_func.str1.1