../Core/Src/main.c:625:6:StartMicTask	48	static
../Core/Src/main.c:744:6:StartDefaultTask	8	static
../Core/Src/main.c:233:6:SystemClock_Config	88	static,ignoring_inline_asm
../Core/Src/main.c:278:6:PeriphCommonClock_Config	24	static,ignoring_inline_asm
../Core/Src/main.c:131:5:main	56	static,ignoring_inline_asm
../Core/Src/main.c:671:6:StartSignalTask	128	static
../Core/Src/main.c:701:6:StartTimeTask	128	static
../Core/Src/main.c:730:5:_write	8	static
../Core/Src/main.c:766:6:HAL_TIM_PeriodElapsedCallback	0	static
../Core/Src/main.c:784:6:Error_Handler	0	static,ignoring_inline_asm
