../Core/Src/main.c:131:5:main	8	static
../Core/Src/main.c:233:6:SystemClock_Config	88	static
../Core/Src/main.c:278:6:PeriphCommonClock_Config	24	static
../Core/Src/main.c:298:13:MX_CRC_Init	8	static
../Core/Src/main.c:325:13:MX_I2C1_Init	8	static
../Core/Src/main.c:359:13:MX_I2S2_Init	8	static
../Core/Src/main.c:393:13:MX_I2S3_Init	8	static
../Core/Src/main.c:427:13:MX_SPI1_Init	8	static
../Core/Src/main.c:465:13:MX_USART2_UART_Init	8	static
../Core/Src/main.c:498:13:MX_USART3_UART_Init	8	static
../Core/Src/main.c:529:13:MX_DMA_Init	16	static
../Core/Src/main.c:547:13:MX_GPIO_Init	56	static
../Core/Src/main.c:625:6:StartMicTask	64	static
../Core/Src/main.c:671:6:StartSignalTask	136	static
../Core/Src/main.c:701:6:StartTimeTask	136	static
../Core/Src/main.c:730:5:_write	24	static
../Core/Src/main.c:744:6:StartDefaultTask	16	static
../Core/Src/main.c:766:6:HAL_TIM_PeriodElapsedCallback	16	static
../Core/Src/main.c:784:6:Error_Handler	4	static,ignoring_inline_asm
